MPLINK 3.40, Linker
Linker Map File - Created Mon Apr 09 09:41:51 2012

                                 Section Info
                  Section       Type    Address   Location Size(Bytes)
                ---------  ---------  ---------  ---------  ---------
               _entry_scn       code   0x000800    program   0x000006
    .idata_printf_lib.o_i    romdata   0x000806    program   0x000002
      InterruptVectorHigh       code   0x000808    program   0x000006
          .code_adcbusy.o       code   0x00080e    program   0x00000a
       InterruptVectorLow       code   0x000818    program   0x000006
                   .cinit    romdata   0x00081e    program   0x000026
    .code_user_routines.o       code   0x0008d4    program   0x004c30
       .code_printf_lib.o       code   0x005504    program   0x001042
      .code_ifi_library.o       code   0x006546    program   0x0004ac
             .stringtable    romdata   0x0069f2    program   0x000469
       .romdata_adcbusy.o    romdata   0x006e5b    program   0x000000
 .romdata_ifi_utilities.o    romdata   0x006e5b    program   0x000000
        .idata_u1open.o_i    romdata   0x006e5b    program   0x000000
      .idata_adcclose.o_i    romdata   0x006e5b    program   0x000000
      .romdata_adcclose.o    romdata   0x006e5b    program   0x000000
       .romdata_adcread.o    romdata   0x006e5b    program   0x000000
       .idata_adcconv.o_i    romdata   0x006e5b    program   0x000000
       .romdata_adcconv.o    romdata   0x006e5b    program   0x000000
       .idata_adcread.o_i    romdata   0x006e5b    program   0x000000
   .romdata_ifi_library.o    romdata   0x006e5b    program   0x000000
   .idata_ifi_library.o_i    romdata   0x006e5b    program   0x000000
      .romdata_fxd1616u.o    romdata   0x006e5b    program   0x000000
      .idata_fxd1616u.o_i    romdata   0x006e5b    program   0x000000
       .idata_adcbusy.o_i    romdata   0x006e5b    program   0x000000
 .romdata_user_routines.o    romdata   0x006e5b    program   0x000000
        .romdata_u1open.o    romdata   0x006e5b    program   0x000000
       .idata_adcopen.o_i    romdata   0x006e5b    program   0x000000
.romdata_user_routines_fast.o    romdata   0x006e5b    program   0x000000
.idata_user_routines_fast.o_i    romdata   0x006e5b    program   0x000000
       .romdata_adcopen.o    romdata   0x006e5b    program   0x000000
       .idata_openspi.o_i    romdata   0x006e5b    program   0x000000
          .idata_main.o_i    romdata   0x006e5b    program   0x000000
   .romdata_ifi_startup.o    romdata   0x006e5b    program   0x000000
   .idata_ifi_startup.o_i    romdata   0x006e5b    program   0x000000
    .romdata_printf_lib.o    romdata   0x006e5b    program   0x000000
          .romdata_main.o    romdata   0x006e5b    program   0x000000
       .romdata_openspi.o    romdata   0x006e5b    program   0x000000
    .code_ifi_utilities.o       code   0x006e5c    program   0x00028e
      .code_ifi_startup.o       code   0x006e5c    program   0x000000
                 UTIL_LIB       code   0x0070ea    program   0x0001b0
                     PROG       code   0x00729a    program   0x0000a6
               _cinit_scn       code   0x007340    program   0x00009e
.code_user_routines_fast.o       code   0x0073de    program   0x000064
          .code_openspi.o       code   0x007442    program   0x00005a
           .code_u1open.o       code   0x00749c    program   0x000058
          .code_adcopen.o       code   0x0074f4    program   0x000056
                   STRING       code   0x00754a    program   0x00004e
          .code_adcread.o       code   0x007598    program   0x000032
             D10KTCYXCODE       code   0x0075ca    program   0x00002e
         .code_fxd1616u.o       code   0x0075f8    program   0x00002c
             _startup_scn       code   0x007624    program   0x000020
              D1KTCYXCODE       code   0x007644    program   0x000020
             .code_main.o       code   0x007664    program   0x00001e
             D100TCYXCODE       code   0x007682    program   0x00001c
              D10TCYXCODE       code   0x00769e    program   0x000016
         .code_adcclose.o       code   0x0076b4    program   0x000006
          .code_adcconv.o       code   0x0076ba    program   0x000004
 .idata_user_routines.o_i    romdata   0x0076be    program   0x00005a
 .idata_ifi_utilities.o_i    romdata   0x007718    program   0x000004
                  .config       code   0x300000    program   0x00000e
                  SPI_VAR      udata   0x000000       data   0x000017
                MATH_DATA      udata   0x000017       data   0x000014
                 .tmpdata      udata   0x00002b       data   0x00000c
                DELAYDAT2      udata   0x000037       data   0x000001
                DELAYDAT1      udata   0x000038       data   0x000001
                 COPY_VAR      udata   0x000080       data   0x000080
      .udata_printf_lib.o      udata   0x000100       data   0x000018
     .udata_ifi_library.o      udata   0x000118       data   0x00000d
     .udata_ifi_startup.o      udata   0x000125       data   0x00000a
   .idata_ifi_utilities.o      idata   0x00012f       data   0x000004
      .idata_printf_lib.o      idata   0x000133       data   0x000002
                   .stack      udata   0x000600       data   0x000100
   .idata_user_routines.o      idata   0x000700       data   0x00005a
   .udata_ifi_utilities.o      udata   0x00075a       data   0x000058
            .udata_main.o      udata   0x0007b2       data   0x000041
         .idata_adcread.o      idata   0x0007f3       data   0x000000
         .udata_adcread.o      udata   0x0007f3       data   0x000000
         .idata_openspi.o      idata   0x0007f3       data   0x000000
         .udata_openspi.o      udata   0x0007f3       data   0x000000
         .idata_adcopen.o      idata   0x0007f3       data   0x000000
         .udata_adcopen.o      udata   0x0007f3       data   0x000000
          .idata_u1open.o      idata   0x0007f3       data   0x000000
          .udata_u1open.o      udata   0x0007f3       data   0x000000
     .idata_ifi_library.o      idata   0x0007f3       data   0x000000
        .idata_fxd1616u.o      idata   0x0007f3       data   0x000000
        .udata_fxd1616u.o      udata   0x0007f3       data   0x000000
            .idata_main.o      idata   0x0007f3       data   0x000000
     .idata_ifi_startup.o      idata   0x0007f3       data   0x000000
         .idata_adcconv.o      idata   0x0007f3       data   0x000000
         .udata_adcconv.o      udata   0x0007f3       data   0x000000
        .idata_adcclose.o      idata   0x0007f3       data   0x000000
        .udata_adcclose.o      udata   0x0007f3       data   0x000000
.udata_user_routines_fast.o      udata   0x0007f3       data   0x000000
.idata_user_routines_fast.o      idata   0x0007f3       data   0x000000
         .idata_adcbusy.o      idata   0x0007f3       data   0x000000
         .udata_adcbusy.o      udata   0x0007f3       data   0x000000
   .udata_user_routines.o      udata   0x0007f3       data   0x000000
            SFR_UNBANKED0      udata   0x000f6b       data   0x000095



                              Program Memory Usage 
                               Start         End      
                           ---------   ---------      
                            0x000800    0x000843      
                            0x0008d4    0x006e5a      
                            0x006e5c    0x00771b      
                            0x300000    0x30000d      
            28313 out of 33816 program addresses used, program memory utilization is 83%



                              Symbols - Sorted by Name
                     Name    Address   Location    Storage File                     
                ---------  ---------  ---------  --------- ---------                
                  Adj_lp4   0x007290    program     static C:\mcc18\Projects\EduCode\Util_lib.asm
                  Adjust4   0x00728c    program     static C:\mcc18\Projects\EduCode\Util_lib.asm
                  BusyADC   0x00080e    program     extern C:\first\src\pmc\ADC\18Cxx\adcbusy.c
       Check_4_Violations   0x0068e0    program     extern C:\mcc18\Projects\EduCode\ifi_library.c
               Clear_Bank   0x007104    program     static C:\mcc18\Projects\EduCode\Util_lib.asm
               Clear_Loop   0x0070f0    program     static C:\mcc18\Projects\EduCode\Util_lib.asm
             Clear_Memory   0x0070ea    program     extern C:\mcc18\Projects\EduCode\Util_lib.asm
       Clear_SPIdata_flag   0x006852    program     extern C:\mcc18\Projects\EduCode\ifi_library.c
                 CloseADC   0x0076b4    program     extern C:\first\src\pmc\ADC\18Cxx\adcclose.c
               ConvertADC   0x0076ba    program     extern C:\first\src\pmc\ADC\18Cxx\adcconv.c
                   D100_1   0x007690    program     static C:\FIRST\SRC\DELAYS\18CXX\d100tcyx.asm
                    D100x   0x00768e    program     static C:\FIRST\SRC\DELAYS\18CXX\d100tcyx.asm
                   D10K_1   0x0075d6    program     static C:\FIRST\SRC\DELAYS\18CXX\d10ktcyx.asm
                    D10Kl   0x0075e2    program     static C:\FIRST\SRC\DELAYS\18CXX\d10ktcyx.asm
                    D10Kx   0x0075d4    program     static C:\FIRST\SRC\DELAYS\18CXX\d10ktcyx.asm
                    D10_1   0x0076ae    program     static C:\FIRST\SRC\DELAYS\18CXX\d10tcyx.asm
                     D10x   0x0076a6    program     static C:\FIRST\SRC\DELAYS\18CXX\d10tcyx.asm
                   D1616S   0x0072bc    program     static C:\FIRST\SRC\MATH\18CXX\fxd1616s.asm
                D1616SNEG   0x0072ca    program     static C:\FIRST\SRC\MATH\18CXX\fxd1616s.asm
                 D1616SOK   0x0072c6    program     static C:\FIRST\SRC\MATH\18CXX\fxd1616s.asm
                  D1616SX   0x0072dc    program     static C:\FIRST\SRC\MATH\18CXX\fxd1616s.asm
                    D1K_1   0x007650    program     static C:\FIRST\SRC\DELAYS\18CXX\d1ktcyx.asm
                     D1Kx   0x00764e    program     static C:\FIRST\SRC\DELAYS\18CXX\d1ktcyx.asm
                  DA1616S   0x0072ac    program     static C:\FIRST\SRC\MATH\18CXX\fxd1616s.asm
                      DL1   0x00724c    program     static C:\mcc18\Projects\EduCode\Util_lib.asm
                      DL2   0x007262    program     static C:\mcc18\Projects\EduCode\Util_lib.asm
          Dead_Space_Loop   0x007248    program     static C:\mcc18\Projects\EduCode\Util_lib.asm
             Delay100TCYx   0x007682    program     extern C:\FIRST\SRC\DELAYS\18CXX\d100tcyx.asm
             Delay10KTCYx   0x0075ca    program     extern C:\FIRST\SRC\DELAYS\18CXX\d10ktcyx.asm
              Delay10TCYx   0x00769e    program     extern C:\FIRST\SRC\DELAYS\18CXX\d10tcyx.asm
              Delay1KTCYx   0x007644    program     extern C:\FIRST\SRC\DELAYS\18CXX\d1ktcyx.asm
              DisplayBufr   0x006f80    program     extern C:\Users\HP\Desktop\final\ifi_utilities.c
                 FXD1616S   0x00729a    program     extern C:\FIRST\SRC\MATH\18CXX\fxd1616s.asm
                 FXD1616U   0x0075f8    program     extern C:\first\src\math\18Cxx\fxd1616u.c
                 FXM1616S   0x0072e6    program     extern C:\FIRST\SRC\MATH\18CXX\fxm1616s.asm
            Generate_Pwms   0x007182    program     extern C:\mcc18\Projects\EduCode\Util_lib.asm
       Generate_Pwms_Cont   0x0071e6    program     static C:\mcc18\Projects\EduCode\Util_lib.asm
         Get_Analog_Value   0x00706a    program     extern C:\Users\HP\Desktop\final\ifi_utilities.c
                  Getdata   0x006746    program     extern C:\mcc18\Projects\EduCode\ifi_library.c
           Handle_Spi_Int   0x0066ec    program     extern C:\mcc18\Projects\EduCode\ifi_library.c
               Hex_output   0x00710e    program     extern C:\mcc18\Projects\EduCode\Util_lib.asm
       IFI_Initialization   0x006608    program     extern C:\mcc18\Projects\EduCode\ifi_library.c
     Initialize_Registers   0x00658a    program     extern C:\mcc18\Projects\EduCode\ifi_library.c
  Initialize_Serial_Comms   0x007038    program     extern C:\Users\HP\Desktop\final\ifi_utilities.c
     InterruptHandlerHigh   0x006546    program     extern C:\mcc18\Projects\EduCode\ifi_library.c
      InterruptHandlerLow   0x0073de    program     extern C:\Users\HP\Desktop\final\user_routines_fast.c
      InterruptVectorHigh   0x000808    program     extern C:\mcc18\Projects\EduCode\ifi_library.c
       InterruptVectorLow   0x000818    program     extern C:\Users\HP\Desktop\final\user_routines_fast.c
                      LP4   0x0071ea    program     static C:\mcc18\Projects\EduCode\Util_lib.asm
                LP4_Cont1   0x0071f4    program     static C:\mcc18\Projects\EduCode\Util_lib.asm
                LP4_Cont2   0x0071fe    program     static C:\mcc18\Projects\EduCode\Util_lib.asm
                LP4_Cont3   0x007208    program     static C:\mcc18\Projects\EduCode\Util_lib.asm
                LP4_Cont4   0x007214    program     static C:\mcc18\Projects\EduCode\Util_lib.asm
                LP4_Cont5   0x00721e    program     static C:\mcc18\Projects\EduCode\Util_lib.asm
                LP4_Cont6   0x007228    program     static C:\mcc18\Projects\EduCode\Util_lib.asm
                LP4_Cont7   0x007232    program     static C:\mcc18\Projects\EduCode\Util_lib.asm
                LP4_Cont8   0x00723c    program     static C:\mcc18\Projects\EduCode\Util_lib.asm
               Open1USART   0x00749c    program     extern C:\first\src\pmc\USART\18Cxx\u1open.c
                  OpenADC   0x0074f4    program     extern C:\first\src\pmc\ADC\18Cxx\adcopen.c
                  OpenSPI   0x007442    program     extern C:\first\src\pmc\SPI\18Cxx\openspi.c
          PacketNum_Check   0x006fc2    program     extern C:\Users\HP\Desktop\final\ifi_utilities.c
    Prep_SPI_4_First_Byte   0x00668e    program     extern C:\mcc18\Projects\EduCode\ifi_library.c
                PrintByte   0x006e66    program     extern C:\Users\HP\Desktop\final\ifi_utilities.c
              PrintString   0x006ed4    program     extern C:\Users\HP\Desktop\final\ifi_utilities.c
                PrintWord   0x006e88    program     extern C:\Users\HP\Desktop\final\ifi_utilities.c
Process_Data_From_Local_IO   0x007440    program     extern C:\Users\HP\Desktop\final\user_routines_fast.c
Process_Data_From_Master_uP   0x004f4e    program     extern C:\Users\HP\Desktop\final\user_routines.c
                  Putdata   0x0067cc    program     extern C:\mcc18\Projects\EduCode\ifi_library.c
                Pwm_Delay   0x007278    program     static C:\mcc18\Projects\EduCode\Util_lib.asm
                  ReadADC   0x007598    program     extern C:\first\src\pmc\ADC\18Cxx\adcread.c
Set_Number_of_Analog_Channels   0x007054    program     extern C:\Users\HP\Desktop\final\ifi_utilities.c
    Setup_PWM_Output_Type   0x00685c    program     extern C:\mcc18\Projects\EduCode\ifi_library.c
          Setup_Spi_Slave   0x006574    program     extern C:\mcc18\Projects\EduCode\ifi_library.c
  Setup_Who_Controls_Pwms   0x004db0    program     static C:\Users\HP\Desktop\final\user_routines.c
               TSIGN1616A   0x007332    program     static C:\FIRST\SRC\MATH\18CXX\fxm1616s.asm
  UpdateLocalPWMDirection   0x00713a    program     extern C:\mcc18\Projects\EduCode\Util_lib.asm
      User_Initialization   0x004e64    program     extern C:\Users\HP\Desktop\final\user_routines.c
       User_Proc_Is_Ready   0x006684    program     extern C:\mcc18\Projects\EduCode\ifi_library.c
             Wait4TXEmpty   0x006e5c    program     extern C:\Users\HP\Desktop\final\ifi_utilities.c
       Write_Byte_To_Uart   0x005504    program     static C:\Users\HP\Desktop\final\printf_lib.c
       _D100TCYXCODE_0008   0x00768a    program     static C:\FIRST\SRC\DELAYS\18CXX\d100tcyx.asm
       _D100TCYXCODE_0012   0x007694    program     static C:\FIRST\SRC\DELAYS\18CXX\d100tcyx.asm
       _D100TCYXCODE_0018   0x00769a    program     static C:\FIRST\SRC\DELAYS\18CXX\d100tcyx.asm
       _D10KTCYXCODE_0010   0x0075da    program     static C:\FIRST\SRC\DELAYS\18CXX\d10ktcyx.asm
       _D10KTCYXCODE_001C   0x0075e6    program     static C:\FIRST\SRC\DELAYS\18CXX\d10ktcyx.asm
        _D10TCYXCODE_000A   0x0076a8    program     static C:\FIRST\SRC\DELAYS\18CXX\d10tcyx.asm
        _D10TCYXCODE_000C   0x0076aa    program     static C:\FIRST\SRC\DELAYS\18CXX\d10tcyx.asm
        _D10TCYXCODE_000E   0x0076ac    program     static C:\FIRST\SRC\DELAYS\18CXX\d10tcyx.asm
        _D1KTCYXCODE_0010   0x007654    program     static C:\FIRST\SRC\DELAYS\18CXX\d1ktcyx.asm
        _D1KTCYXCODE_0016   0x00765a    program     static C:\FIRST\SRC\DELAYS\18CXX\d1ktcyx.asm
       ___return_lbl00000   0x00080c    program     static                          
       ___return_lbl00000   0x000804    program     static                          
       ___return_lbl00000   0x007622    program     static                          
       ___return_lbl00000   0x00081c    program     static                          
       ___return_lbl00001   0x007642    program     static                          
       ___return_lbl00002   0x0073dc    program     static                          
               __string_0   0x0069f2    program     static C:\Users\HP\Desktop\final\printf_lib.c
               __string_0   0x006e4b    program     static C:\Users\HP\Desktop\final\user_routines.c
               __string_1   0x006e35    program     static C:\Users\HP\Desktop\final\user_routines.c
              __string_10   0x006d89    program     static C:\Users\HP\Desktop\final\user_routines.c
              __string_11   0x006d76    program     static C:\Users\HP\Desktop\final\user_routines.c
              __string_12   0x006d63    program     static C:\Users\HP\Desktop\final\user_routines.c
              __string_13   0x006d50    program     static C:\Users\HP\Desktop\final\user_routines.c
              __string_14   0x006d35    program     static C:\Users\HP\Desktop\final\user_routines.c
              __string_15   0x006d1a    program     static C:\Users\HP\Desktop\final\user_routines.c
              __string_16   0x006d08    program     static C:\Users\HP\Desktop\final\user_routines.c
              __string_17   0x006cf6    program     static C:\Users\HP\Desktop\final\user_routines.c
              __string_18   0x006cdb    program     static C:\Users\HP\Desktop\final\user_routines.c
              __string_19   0x006cc1    program     static C:\Users\HP\Desktop\final\user_routines.c
               __string_2   0x006e22    program     static C:\Users\HP\Desktop\final\user_routines.c
              __string_20   0x006cae    program     static C:\Users\HP\Desktop\final\user_routines.c
              __string_21   0x006c9b    program     static C:\Users\HP\Desktop\final\user_routines.c
              __string_22   0x006c8f    program     static C:\Users\HP\Desktop\final\user_routines.c
              __string_23   0x006c6f    program     static C:\Users\HP\Desktop\final\user_routines.c
              __string_24   0x006c56    program     static C:\Users\HP\Desktop\final\user_routines.c
              __string_25   0x006c3a    program     static C:\Users\HP\Desktop\final\user_routines.c
              __string_26   0x006c2e    program     static C:\Users\HP\Desktop\final\user_routines.c
              __string_27   0x006c26    program     static C:\Users\HP\Desktop\final\user_routines.c
              __string_28   0x006c18    program     static C:\Users\HP\Desktop\final\user_routines.c
              __string_29   0x006c0d    program     static C:\Users\HP\Desktop\final\user_routines.c
               __string_3   0x006e14    program     static C:\Users\HP\Desktop\final\user_routines.c
              __string_30   0x006c09    program     static C:\Users\HP\Desktop\final\user_routines.c
              __string_31   0x006bdd    program     static C:\Users\HP\Desktop\final\user_routines.c
              __string_32   0x006bad    program     static C:\Users\HP\Desktop\final\user_routines.c
              __string_33   0x006ba5    program     static C:\Users\HP\Desktop\final\user_routines.c
              __string_34   0x006b9a    program     static C:\Users\HP\Desktop\final\user_routines.c
              __string_35   0x006b90    program     static C:\Users\HP\Desktop\final\user_routines.c
              __string_36   0x006b5d    program     static C:\Users\HP\Desktop\final\user_routines.c
              __string_37   0x006b3c    program     static C:\Users\HP\Desktop\final\user_routines.c
              __string_38   0x006b1a    program     static C:\Users\HP\Desktop\final\user_routines.c
              __string_39   0x006af4    program     static C:\Users\HP\Desktop\final\user_routines.c
               __string_4   0x006e00    program     static C:\Users\HP\Desktop\final\user_routines.c
              __string_40   0x006ae1    program     static C:\Users\HP\Desktop\final\user_routines.c
              __string_41   0x006aca    program     static C:\Users\HP\Desktop\final\user_routines.c
              __string_42   0x006ab6    program     static C:\Users\HP\Desktop\final\user_routines.c
              __string_43   0x006aa6    program     static C:\Users\HP\Desktop\final\user_routines.c
              __string_44   0x006a99    program     static C:\Users\HP\Desktop\final\user_routines.c
              __string_45   0x006a7e    program     static C:\Users\HP\Desktop\final\user_routines.c
              __string_46   0x006a6d    program     static C:\Users\HP\Desktop\final\user_routines.c
              __string_47   0x006a60    program     static C:\Users\HP\Desktop\final\user_routines.c
              __string_48   0x006a52    program     static C:\Users\HP\Desktop\final\user_routines.c
              __string_49   0x006a44    program     static C:\Users\HP\Desktop\final\user_routines.c
               __string_5   0x006dec    program     static C:\Users\HP\Desktop\final\user_routines.c
              __string_50   0x006a37    program     static C:\Users\HP\Desktop\final\user_routines.c
              __string_51   0x006a20    program     static C:\Users\HP\Desktop\final\user_routines.c
              __string_52   0x0069fd    program     static C:\Users\HP\Desktop\final\user_routines.c
              __string_53   0x0069f9    program     static C:\Users\HP\Desktop\final\user_routines.c
               __string_6   0x006dd8    program     static C:\Users\HP\Desktop\final\user_routines.c
               __string_7   0x006dc4    program     static C:\Users\HP\Desktop\final\user_routines.c
               __string_8   0x006db0    program     static C:\Users\HP\Desktop\final\user_routines.c
               __string_9   0x006d9c    program     static C:\Users\HP\Desktop\final\user_routines.c
             __tmplbl_108   0x00219e    program     static                          
             __tmplbl_112   0x00219e    program     static                          
             __tmplbl_113   0x00219e    program     static                          
             __tmplbl_115   0x00219e    program     static                          
             __tmplbl_116   0x00219e    program     static                          
             __tmplbl_120   0x00219e    program     static                          
             __tmplbl_121   0x00219e    program     static                          
             __tmplbl_122   0x00219e    program     static                          
             __tmplbl_123   0x00219e    program     static                          
             __tmplbl_125   0x00219e    program     static                          
             __tmplbl_126   0x00219e    program     static                          
             __tmplbl_129   0x00219e    program     static                          
             __tmplbl_130   0x00219e    program     static                          
             __tmplbl_131   0x00219e    program     static                          
             __tmplbl_132   0x00219e    program     static                          
             __tmplbl_134   0x00219e    program     static                          
             __tmplbl_135   0x00219e    program     static                          
             __tmplbl_139   0x00219e    program     static                          
             __tmplbl_140   0x00219e    program     static                          
             __tmplbl_141   0x00219e    program     static                          
             __tmplbl_142   0x00219e    program     static                          
             __tmplbl_144   0x00219e    program     static                          
             __tmplbl_145   0x00219e    program     static                          
             __tmplbl_173   0x00339e    program     static                          
             __tmplbl_175   0x00339e    program     static                          
             __tmplbl_177   0x003390    program     static                          
             __tmplbl_203   0x002adc    program     static                          
                _do_cinit   0x007340    program     extern C:\Users\HP\Desktop\final\ifi_startup.c
                   _entry   0x000800    program     extern C:\Users\HP\Desktop\final\ifi_startup.c
                 _startup   0x007624    program     extern C:\Users\HP\Desktop\final\ifi_startup.c
              avoid_enemy   0x004726    program     extern C:\Users\HP\Desktop\final\user_routines.c
                back_home   0x002872    program     extern C:\Users\HP\Desktop\final\user_routines.c
              back_home_2   0x00399a    program     extern C:\Users\HP\Desktop\final\user_routines.c
             ball_release   0x004170    program     extern C:\Users\HP\Desktop\final\user_routines.c
           ball_to_basket   0x00436c    program     extern C:\Users\HP\Desktop\final\user_routines.c
               catch_ball   0x0021aa    program     extern C:\Users\HP\Desktop\final\user_routines.c
               check_ball   0x00449c    program     extern C:\Users\HP\Desktop\final\user_routines.c
             check_basket   0x00282c    program     extern C:\Users\HP\Desktop\final\user_routines.c
           check_boundary   0x0008d4    program     extern C:\Users\HP\Desktop\final\user_routines.c
              check_enemy   0x0046d8    program     extern C:\Users\HP\Desktop\final\user_routines.c
              check_scoop   0x0042a6    program     extern C:\Users\HP\Desktop\final\user_routines.c
          compass_reading   0x00483a    program     extern C:\Users\HP\Desktop\final\user_routines.c
                     conv   0x0052be    program     extern C:\Users\HP\Desktop\final\user_routines.c
                copy_loop   0x0073b2    program     static                          
            copy_one_byte   0x0073b8    program     static                          
              debug_print   0x006346    program     extern C:\Users\HP\Desktop\final\printf_lib.c
             debug_printb   0x0063fa    program     extern C:\Users\HP\Desktop\final\printf_lib.c
            debug_println   0x0064ae    program     extern C:\Users\HP\Desktop\final\printf_lib.c
                     done   0x0073dc    program     static                          
             done_copying   0x0073c6    program     static                          
                  endloop   0x00761e    program     static                          
                     jEnd   0x00757a    program     static C:\FIRST\SRC\STRING\18CXX\scpyp2r.asm
                     jEnd   0x007596    program     static C:\FIRST\SRC\STRING\18CXX\strlen.asm
                    jLoop   0x00758c    program     static C:\FIRST\SRC\STRING\18CXX\strlen.asm
                    jLoop   0x007570    program     static C:\FIRST\SRC\STRING\18CXX\scpyp2r.asm
                     loop   0x007602    program     static                          
                     loop   0x007634    program     static                          
                     main   0x007664    program     extern C:\Users\HP\Desktop\final\main.c
              maneuvering   0x00495e    program     extern C:\Users\HP\Desktop\final\user_routines.c
              orient_home   0x0033aa    program     extern C:\Users\HP\Desktop\final\user_routines.c
               orient_opp   0x004034    program     extern C:\Users\HP\Desktop\final\user_routines.c
                    print   0x0059f0    program     static C:\Users\HP\Desktop\final\printf_lib.c
                   printb   0x00621e    program     extern C:\Users\HP\Desktop\final\printf_lib.c
                   printd   0x006156    program     extern C:\Users\HP\Desktop\final\printf_lib.c
                   printf   0x00606a    program     extern C:\Users\HP\Desktop\final\printf_lib.c
                   printi   0x005716    program     static C:\Users\HP\Desktop\final\printf_lib.c
                  printib   0x0061b8    program     extern C:\Users\HP\Desktop\final\printf_lib.c
                  printid   0x0060f0    program     extern C:\Users\HP\Desktop\final\printf_lib.c
                  printix   0x006280    program     extern C:\Users\HP\Desktop\final\printf_lib.c
                   prints   0x00551e    program     static C:\Users\HP\Desktop\final\printf_lib.c
                   printx   0x0062e6    program     extern C:\Users\HP\Desktop\final\printf_lib.c
                  s_delay   0x00727e    program     static C:\mcc18\Projects\EduCode\Util_lib.asm
            strcpypgm2ram   0x00754a    program     extern C:\FIRST\SRC\STRING\18CXX\scpyp2r.asm
                   strlen   0x00757c    program     extern C:\FIRST\SRC\STRING\18CXX\strlen.asm
                     test   0x00735a    program     static                          
              time_delays   0x005256    program     extern C:\Users\HP\Desktop\final\user_routines.c
                  timeout   0x00277a    program     extern C:\Users\HP\Desktop\final\user_routines.c
                 turn_to1   0x004994    program     extern C:\Users\HP\Desktop\final\user_routines.c
        turn_to_with_back   0x00351a    program     extern C:\Users\HP\Desktop\final\user_routines.c
                   AARGB0   0x00001e       data     extern C:\FIRST\SRC\MATH\18CXX\aarg.asm
                   AARGB1   0x00001d       data     extern C:\FIRST\SRC\MATH\18CXX\aarg.asm
                   AARGB2   0x00001c       data     extern C:\FIRST\SRC\MATH\18CXX\aarg.asm
                   AARGB3   0x00001b       data     extern C:\FIRST\SRC\MATH\18CXX\aarg.asm
                   AARGB4   0x00001a       data     extern C:\FIRST\SRC\MATH\18CXX\aarg.asm
                   AARGB5   0x000019       data     extern C:\FIRST\SRC\MATH\18CXX\aarg.asm
                   AARGB6   0x000018       data     extern C:\FIRST\SRC\MATH\18CXX\aarg.asm
                   AARGB7   0x000017       data     extern C:\FIRST\SRC\MATH\18CXX\aarg.asm
                   ADCON0   0x000fc2       data     extern C:\FIRST\SRC\PROC\p18f8520.asm
               ADCON0bits   0x000fc2       data     extern C:\FIRST\SRC\PROC\p18f8520.asm
                   ADCON1   0x000fc1       data     extern C:\FIRST\SRC\PROC\p18f8520.asm
               ADCON1bits   0x000fc1       data     extern C:\FIRST\SRC\PROC\p18f8520.asm
                   ADCON2   0x000fc0       data     extern C:\FIRST\SRC\PROC\p18f8520.asm
               ADCON2bits   0x000fc0       data     extern C:\FIRST\SRC\PROC\p18f8520.asm
                    ADRES   0x000fc3       data     extern C:\FIRST\SRC\PROC\p18f8520.asm
                   ADRESH   0x000fc4       data     extern C:\FIRST\SRC\PROC\p18f8520.asm
                   ADRESL   0x000fc3       data     extern C:\FIRST\SRC\PROC\p18f8520.asm
                     AEXP   0x00001f       data     extern C:\FIRST\SRC\MATH\18CXX\aarg.asm
                   BARGB0   0x000023       data     extern C:\FIRST\SRC\MATH\18CXX\barg.asm
                   BARGB1   0x000022       data     extern C:\FIRST\SRC\MATH\18CXX\barg.asm
                   BARGB2   0x000021       data     extern C:\FIRST\SRC\MATH\18CXX\barg.asm
                   BARGB3   0x000020       data     extern C:\FIRST\SRC\MATH\18CXX\barg.asm
                     BEXP   0x000024       data     extern C:\FIRST\SRC\MATH\18CXX\barg.asm
                      BSR   0x000fe0       data     extern C:\FIRST\SRC\PROC\p18f8520.asm
                  CCP1CON   0x000fbd       data     extern C:\FIRST\SRC\PROC\p18f8520.asm
              CCP1CONbits   0x000fbd       data     extern C:\FIRST\SRC\PROC\p18f8520.asm
                  CCP2CON   0x000fba       data     extern C:\FIRST\SRC\PROC\p18f8520.asm
              CCP2CONbits   0x000fba       data     extern C:\FIRST\SRC\PROC\p18f8520.asm
                  CCP3CON   0x000fb7       data     extern C:\FIRST\SRC\PROC\p18f8520.asm
              CCP3CONbits   0x000fb7       data     extern C:\FIRST\SRC\PROC\p18f8520.asm
                  CCP4CON   0x000f73       data     extern C:\FIRST\SRC\PROC\p18f8520.asm
              CCP4CONbits   0x000f73       data     extern C:\FIRST\SRC\PROC\p18f8520.asm
                  CCP5CON   0x000f70       data     extern C:\FIRST\SRC\PROC\p18f8520.asm
              CCP5CONbits   0x000f70       data     extern C:\FIRST\SRC\PROC\p18f8520.asm
                    CCPR1   0x000fbe       data     extern C:\FIRST\SRC\PROC\p18f8520.asm
                   CCPR1H   0x000fbf       data     extern C:\FIRST\SRC\PROC\p18f8520.asm
                   CCPR1L   0x000fbe       data     extern C:\FIRST\SRC\PROC\p18f8520.asm
                    CCPR2   0x000fbb       data     extern C:\FIRST\SRC\PROC\p18f8520.asm
                   CCPR2H   0x000fbc       data     extern C:\FIRST\SRC\PROC\p18f8520.asm
                   CCPR2L   0x000fbb       data     extern C:\FIRST\SRC\PROC\p18f8520.asm
                    CCPR3   0x000fb8       data     extern C:\FIRST\SRC\PROC\p18f8520.asm
                   CCPR3H   0x000fb9       data     extern C:\FIRST\SRC\PROC\p18f8520.asm
                   CCPR3L   0x000fb8       data     extern C:\FIRST\SRC\PROC\p18f8520.asm
                    CCPR4   0x000f74       data     extern C:\FIRST\SRC\PROC\p18f8520.asm
                   CCPR4H   0x000f75       data     extern C:\FIRST\SRC\PROC\p18f8520.asm
                   CCPR4L   0x000f74       data     extern C:\FIRST\SRC\PROC\p18f8520.asm
                    CCPR5   0x000f71       data     extern C:\FIRST\SRC\PROC\p18f8520.asm
                   CCPR5H   0x000f72       data     extern C:\FIRST\SRC\PROC\p18f8520.asm
                   CCPR5L   0x000f71       data     extern C:\FIRST\SRC\PROC\p18f8520.asm
                    CMCON   0x000fb4       data     extern C:\FIRST\SRC\PROC\p18f8520.asm
                CMCONbits   0x000fb4       data     extern C:\FIRST\SRC\PROC\p18f8520.asm
                   CVRCON   0x000fb5       data     extern C:\FIRST\SRC\PROC\p18f8520.asm
               CVRCONbits   0x000fb5       data     extern C:\FIRST\SRC\PROC\p18f8520.asm
                      Cnt   0x000013       data     static C:\mcc18\Projects\EduCode\Util_lib.asm
                     Cnt1   0x000014       data     static C:\mcc18\Projects\EduCode\Util_lib.asm
                     DDRA   0x000f92       data     extern C:\FIRST\SRC\PROC\p18f8520.asm
                 DDRAbits   0x000f92       data     extern C:\FIRST\SRC\PROC\p18f8520.asm
                     DDRB   0x000f93       data     extern C:\FIRST\SRC\PROC\p18f8520.asm
                 DDRBbits   0x000f93       data     extern C:\FIRST\SRC\PROC\p18f8520.asm
                     DDRC   0x000f94       data     extern C:\FIRST\SRC\PROC\p18f8520.asm
                 DDRCbits   0x000f94       data     extern C:\FIRST\SRC\PROC\p18f8520.asm
                     DDRD   0x000f95       data     extern C:\FIRST\SRC\PROC\p18f8520.asm
                 DDRDbits   0x000f95       data     extern C:\FIRST\SRC\PROC\p18f8520.asm
                     DDRE   0x000f96       data     extern C:\FIRST\SRC\PROC\p18f8520.asm
                 DDREbits   0x000f96       data     extern C:\FIRST\SRC\PROC\p18f8520.asm
                     DDRF   0x000f97       data     extern C:\FIRST\SRC\PROC\p18f8520.asm
                 DDRFbits   0x000f97       data     extern C:\FIRST\SRC\PROC\p18f8520.asm
                     DDRG   0x000f98       data     extern C:\FIRST\SRC\PROC\p18f8520.asm
                 DDRGbits   0x000f98       data     extern C:\FIRST\SRC\PROC\p18f8520.asm
                     DDRH   0x000f99       data     extern C:\FIRST\SRC\PROC\p18f8520.asm
                 DDRHbits   0x000f99       data     extern C:\FIRST\SRC\PROC\p18f8520.asm
                     DDRJ   0x000f9a       data     extern C:\FIRST\SRC\PROC\p18f8520.asm
                 DDRJbits   0x000f9a       data     extern C:\FIRST\SRC\PROC\p18f8520.asm
            DelayCounter1   0x000038       data     extern C:\FIRST\SRC\DELAYS\18CXX\delayd1.asm
            DelayCounter2   0x000037       data     extern C:\FIRST\SRC\DELAYS\18CXX\delayd2.asm
                    EEADR   0x000fa9       data     extern C:\FIRST\SRC\PROC\p18f8520.asm
                   EEADRH   0x000faa       data     extern C:\FIRST\SRC\PROC\p18f8520.asm
                   EECON1   0x000fa6       data     extern C:\FIRST\SRC\PROC\p18f8520.asm
               EECON1bits   0x000fa6       data     extern C:\FIRST\SRC\PROC\p18f8520.asm
                   EECON2   0x000fa7       data     extern C:\FIRST\SRC\PROC\p18f8520.asm
                   EEDATA   0x000fa8       data     extern C:\FIRST\SRC\PROC\p18f8520.asm
                  FPFLAGS   0x000026       data     extern C:\FIRST\SRC\MATH\18CXX\cmath18.asm
                     FSR0   0x000fe9       data     extern C:\FIRST\SRC\PROC\p18f8520.asm
                    FSR0H   0x000fea       data     extern C:\FIRST\SRC\PROC\p18f8520.asm
                    FSR0L   0x000fe9       data     extern C:\FIRST\SRC\PROC\p18f8520.asm
                     FSR1   0x000fe1       data     extern C:\FIRST\SRC\PROC\p18f8520.asm
                    FSR1H   0x000fe2       data     extern C:\FIRST\SRC\PROC\p18f8520.asm
                    FSR1L   0x000fe1       data     extern C:\FIRST\SRC\PROC\p18f8520.asm
                     FSR2   0x000fd9       data     extern C:\FIRST\SRC\PROC\p18f8520.asm
                    FSR2H   0x000fda       data     extern C:\FIRST\SRC\PROC\p18f8520.asm
                    FSR2L   0x000fd9       data     extern C:\FIRST\SRC\PROC\p18f8520.asm
                FSRH_temp   0x000004       data     static C:\mcc18\Projects\EduCode\Util_lib.asm
                FSRL_temp   0x000005       data     static C:\mcc18\Projects\EduCode\Util_lib.asm
                        I   0x00011e       data     static C:\mcc18\Projects\EduCode\ifi_library.c
                        I   0x0007b0       data     static C:\Users\HP\Desktop\final\ifi_utilities.c
                    INDF0   0x000fef       data     extern C:\FIRST\SRC\PROC\p18f8520.asm
                    INDF1   0x000fe7       data     extern C:\FIRST\SRC\PROC\p18f8520.asm
                    INDF2   0x000fdf       data     extern C:\FIRST\SRC\PROC\p18f8520.asm
                   INTCON   0x000ff2       data     extern C:\FIRST\SRC\PROC\p18f8520.asm
                  INTCON2   0x000ff1       data     extern C:\FIRST\SRC\PROC\p18f8520.asm
              INTCON2bits   0x000ff1       data     extern C:\FIRST\SRC\PROC\p18f8520.asm
                  INTCON3   0x000ff0       data     extern C:\FIRST\SRC\PROC\p18f8520.asm
              INTCON3bits   0x000ff0       data     extern C:\FIRST\SRC\PROC\p18f8520.asm
               INTCONbits   0x000ff2       data     extern C:\FIRST\SRC\PROC\p18f8520.asm
                     IPR1   0x000f9f       data     extern C:\FIRST\SRC\PROC\p18f8520.asm
                 IPR1bits   0x000f9f       data     extern C:\FIRST\SRC\PROC\p18f8520.asm
                     IPR2   0x000fa2       data     extern C:\FIRST\SRC\PROC\p18f8520.asm
                 IPR2bits   0x000fa2       data     extern C:\FIRST\SRC\PROC\p18f8520.asm
                     IPR3   0x000fa5       data     extern C:\FIRST\SRC\PROC\p18f8520.asm
                 IPR3bits   0x000fa5       data     extern C:\FIRST\SRC\PROC\p18f8520.asm
                     LATA   0x000f89       data     extern C:\FIRST\SRC\PROC\p18f8520.asm
                 LATAbits   0x000f89       data     extern C:\FIRST\SRC\PROC\p18f8520.asm
                     LATB   0x000f8a       data     extern C:\FIRST\SRC\PROC\p18f8520.asm
                 LATBbits   0x000f8a       data     extern C:\FIRST\SRC\PROC\p18f8520.asm
                     LATC   0x000f8b       data     extern C:\FIRST\SRC\PROC\p18f8520.asm
                 LATCbits   0x000f8b       data     extern C:\FIRST\SRC\PROC\p18f8520.asm
                     LATD   0x000f8c       data     extern C:\FIRST\SRC\PROC\p18f8520.asm
                 LATDbits   0x000f8c       data     extern C:\FIRST\SRC\PROC\p18f8520.asm
                     LATE   0x000f8d       data     extern C:\FIRST\SRC\PROC\p18f8520.asm
                 LATEbits   0x000f8d       data     extern C:\FIRST\SRC\PROC\p18f8520.asm
                     LATF   0x000f8e       data     extern C:\FIRST\SRC\PROC\p18f8520.asm
                 LATFbits   0x000f8e       data     extern C:\FIRST\SRC\PROC\p18f8520.asm
                     LATG   0x000f8f       data     extern C:\FIRST\SRC\PROC\p18f8520.asm
                 LATGbits   0x000f8f       data     extern C:\FIRST\SRC\PROC\p18f8520.asm
                     LATH   0x000f90       data     extern C:\FIRST\SRC\PROC\p18f8520.asm
                 LATHbits   0x000f90       data     extern C:\FIRST\SRC\PROC\p18f8520.asm
                     LATJ   0x000f91       data     extern C:\FIRST\SRC\PROC\p18f8520.asm
                 LATJbits   0x000f91       data     extern C:\FIRST\SRC\PROC\p18f8520.asm
                   LVDCON   0x000fd2       data     extern C:\FIRST\SRC\PROC\p18f8520.asm
               LVDCONbits   0x000fd2       data     extern C:\FIRST\SRC\PROC\p18f8520.asm
                   MEMCON   0x000f9c       data     extern C:\FIRST\SRC\PROC\p18f8520.asm
               MEMCONbits   0x000f9c       data     extern C:\FIRST\SRC\PROC\p18f8520.asm
                   OSCCON   0x000fd3       data     extern C:\FIRST\SRC\PROC\p18f8520.asm
               OSCCONbits   0x000fd3       data     extern C:\FIRST\SRC\PROC\p18f8520.asm
                       PC   0x000ff9       data     extern C:\FIRST\SRC\PROC\p18f8520.asm
                      PCL   0x000ff9       data     extern C:\FIRST\SRC\PROC\p18f8520.asm
                   PCLATH   0x000ffa       data     extern C:\FIRST\SRC\PROC\p18f8520.asm
                   PCLATU   0x000ffb       data     extern C:\FIRST\SRC\PROC\p18f8520.asm
                     PIE1   0x000f9d       data     extern C:\FIRST\SRC\PROC\p18f8520.asm
                 PIE1bits   0x000f9d       data     extern C:\FIRST\SRC\PROC\p18f8520.asm
                     PIE2   0x000fa0       data     extern C:\FIRST\SRC\PROC\p18f8520.asm
                 PIE2bits   0x000fa0       data     extern C:\FIRST\SRC\PROC\p18f8520.asm
                     PIE3   0x000fa3       data     extern C:\FIRST\SRC\PROC\p18f8520.asm
                 PIE3bits   0x000fa3       data     extern C:\FIRST\SRC\PROC\p18f8520.asm
                     PIR1   0x000f9e       data     extern C:\FIRST\SRC\PROC\p18f8520.asm
                 PIR1bits   0x000f9e       data     extern C:\FIRST\SRC\PROC\p18f8520.asm
                     PIR2   0x000fa1       data     extern C:\FIRST\SRC\PROC\p18f8520.asm
                 PIR2bits   0x000fa1       data     extern C:\FIRST\SRC\PROC\p18f8520.asm
                     PIR3   0x000fa4       data     extern C:\FIRST\SRC\PROC\p18f8520.asm
                 PIR3bits   0x000fa4       data     extern C:\FIRST\SRC\PROC\p18f8520.asm
                   PLUSW0   0x000feb       data     extern C:\FIRST\SRC\PROC\p18f8520.asm
                   PLUSW1   0x000fe3       data     extern C:\FIRST\SRC\PROC\p18f8520.asm
                   PLUSW2   0x000fdb       data     extern C:\FIRST\SRC\PROC\p18f8520.asm
                    PORTA   0x000f80       data     extern C:\FIRST\SRC\PROC\p18f8520.asm
                PORTAbits   0x000f80       data     extern C:\FIRST\SRC\PROC\p18f8520.asm
                    PORTB   0x000f81       data     extern C:\FIRST\SRC\PROC\p18f8520.asm
                PORTBbits   0x000f81       data     extern C:\FIRST\SRC\PROC\p18f8520.asm
                    PORTC   0x000f82       data     extern C:\FIRST\SRC\PROC\p18f8520.asm
                PORTCbits   0x000f82       data     extern C:\FIRST\SRC\PROC\p18f8520.asm
                    PORTD   0x000f83       data     extern C:\FIRST\SRC\PROC\p18f8520.asm
                PORTDbits   0x000f83       data     extern C:\FIRST\SRC\PROC\p18f8520.asm
                    PORTE   0x000f84       data     extern C:\FIRST\SRC\PROC\p18f8520.asm
                PORTEbits   0x000f84       data     extern C:\FIRST\SRC\PROC\p18f8520.asm
                    PORTF   0x000f85       data     extern C:\FIRST\SRC\PROC\p18f8520.asm
                PORTFbits   0x000f85       data     extern C:\FIRST\SRC\PROC\p18f8520.asm
                    PORTG   0x000f86       data     extern C:\FIRST\SRC\PROC\p18f8520.asm
                PORTGbits   0x000f86       data     extern C:\FIRST\SRC\PROC\p18f8520.asm
                    PORTH   0x000f87       data     extern C:\FIRST\SRC\PROC\p18f8520.asm
                PORTHbits   0x000f87       data     extern C:\FIRST\SRC\PROC\p18f8520.asm
                    PORTJ   0x000f88       data     extern C:\FIRST\SRC\PROC\p18f8520.asm
                PORTJbits   0x000f88       data     extern C:\FIRST\SRC\PROC\p18f8520.asm
               PORT_TRASH   0x000012       data     static C:\mcc18\Projects\EduCode\Util_lib.asm
                 POSTDEC0   0x000fed       data     extern C:\FIRST\SRC\PROC\p18f8520.asm
                 POSTDEC1   0x000fe5       data     extern C:\FIRST\SRC\PROC\p18f8520.asm
                 POSTDEC2   0x000fdd       data     extern C:\FIRST\SRC\PROC\p18f8520.asm
                 POSTINC0   0x000fee       data     extern C:\FIRST\SRC\PROC\p18f8520.asm
                 POSTINC1   0x000fe6       data     extern C:\FIRST\SRC\PROC\p18f8520.asm
                 POSTINC2   0x000fde       data     extern C:\FIRST\SRC\PROC\p18f8520.asm
                      PR2   0x000fcb       data     extern C:\FIRST\SRC\PROC\p18f8520.asm
                      PR4   0x000f77       data     extern C:\FIRST\SRC\PROC\p18f8520.asm
                  PREINC0   0x000fec       data     extern C:\FIRST\SRC\PROC\p18f8520.asm
                  PREINC1   0x000fe4       data     extern C:\FIRST\SRC\PROC\p18f8520.asm
                  PREINC2   0x000fdc       data     extern C:\FIRST\SRC\PROC\p18f8520.asm
                     PROD   0x000ff3       data     extern C:\FIRST\SRC\PROC\p18f8520.asm
                    PRODH   0x000ff4       data     extern C:\FIRST\SRC\PROC\p18f8520.asm
                    PRODL   0x000ff3       data     extern C:\FIRST\SRC\PROC\p18f8520.asm
                   PSPCON   0x000fb0       data     extern C:\FIRST\SRC\PROC\p18f8520.asm
               PSPCONbits   0x000fb0       data     extern C:\FIRST\SRC\PROC\p18f8520.asm
           PWMdisableMask   0x000016       data     extern C:\mcc18\Projects\EduCode\Util_lib.asm
                     RCON   0x000fd0       data     extern C:\FIRST\SRC\PROC\p18f8520.asm
                 RCONbits   0x000fd0       data     extern C:\FIRST\SRC\PROC\p18f8520.asm
                   RCREG1   0x000fae       data     extern C:\FIRST\SRC\PROC\p18f8520.asm
                   RCREG2   0x000f6e       data     extern C:\FIRST\SRC\PROC\p18f8520.asm
                   RCSTA1   0x000fab       data     extern C:\FIRST\SRC\PROC\p18f8520.asm
               RCSTA1bits   0x000fab       data     extern C:\FIRST\SRC\PROC\p18f8520.asm
                   RCSTA2   0x000f6b       data     extern C:\FIRST\SRC\PROC\p18f8520.asm
               RCSTA2bits   0x000f6b       data     extern C:\FIRST\SRC\PROC\p18f8520.asm
                    REMB0   0x00001a       data     extern C:\FIRST\SRC\MATH\18CXX\aarg.asm
                    REMB1   0x000019       data     extern C:\FIRST\SRC\MATH\18CXX\aarg.asm
                    REMB2   0x000018       data     extern C:\FIRST\SRC\MATH\18CXX\aarg.asm
                    REMB3   0x000017       data     extern C:\FIRST\SRC\MATH\18CXX\aarg.asm
                     SIGN   0x000025       data     extern C:\FIRST\SRC\MATH\18CXX\cmath18.asm
                   SPBRG1   0x000faf       data     extern C:\FIRST\SRC\PROC\p18f8520.asm
                   SPBRG2   0x000f6f       data     extern C:\FIRST\SRC\PROC\p18f8520.asm
                   SSPADD   0x000fc8       data     extern C:\FIRST\SRC\PROC\p18f8520.asm
                   SSPBUF   0x000fc9       data     extern C:\FIRST\SRC\PROC\p18f8520.asm
                  SSPCON1   0x000fc6       data     extern C:\FIRST\SRC\PROC\p18f8520.asm
              SSPCON1bits   0x000fc6       data     extern C:\FIRST\SRC\PROC\p18f8520.asm
                  SSPCON2   0x000fc5       data     extern C:\FIRST\SRC\PROC\p18f8520.asm
              SSPCON2bits   0x000fc5       data     extern C:\FIRST\SRC\PROC\p18f8520.asm
                  SSPSTAT   0x000fc7       data     extern C:\FIRST\SRC\PROC\p18f8520.asm
              SSPSTATbits   0x000fc7       data     extern C:\FIRST\SRC\PROC\p18f8520.asm
                   STATUS   0x000fd8       data     extern C:\FIRST\SRC\PROC\p18f8520.asm
               STATUSbits   0x000fd8       data     extern C:\FIRST\SRC\PROC\p18f8520.asm
                   STKPTR   0x000ffc       data     extern C:\FIRST\SRC\PROC\p18f8520.asm
               STKPTRbits   0x000ffc       data     extern C:\FIRST\SRC\PROC\p18f8520.asm
                    T0CON   0x000fd5       data     extern C:\FIRST\SRC\PROC\p18f8520.asm
                T0CONbits   0x000fd5       data     extern C:\FIRST\SRC\PROC\p18f8520.asm
                    T1CON   0x000fcd       data     extern C:\FIRST\SRC\PROC\p18f8520.asm
                T1CONbits   0x000fcd       data     extern C:\FIRST\SRC\PROC\p18f8520.asm
                    T2CON   0x000fca       data     extern C:\FIRST\SRC\PROC\p18f8520.asm
                T2CONbits   0x000fca       data     extern C:\FIRST\SRC\PROC\p18f8520.asm
                    T3CON   0x000fb1       data     extern C:\FIRST\SRC\PROC\p18f8520.asm
                T3CONbits   0x000fb1       data     extern C:\FIRST\SRC\PROC\p18f8520.asm
                    T4CON   0x000f76       data     extern C:\FIRST\SRC\PROC\p18f8520.asm
                T4CONbits   0x000f76       data     extern C:\FIRST\SRC\PROC\p18f8520.asm
                   TABLAT   0x000ff5       data     extern C:\FIRST\SRC\PROC\p18f8520.asm
                   TBLPTR   0x000ff6       data     extern C:\FIRST\SRC\PROC\p18f8520.asm
                  TBLPTRH   0x000ff7       data     extern C:\FIRST\SRC\PROC\p18f8520.asm
                  TBLPTRL   0x000ff6       data     extern C:\FIRST\SRC\PROC\p18f8520.asm
                  TBLPTRU   0x000ff8       data     extern C:\FIRST\SRC\PROC\p18f8520.asm
                     TEMP   0x00002a       data     extern C:\FIRST\SRC\MATH\18CXX\temparg.asm
                   TEMPB0   0x00002a       data     extern C:\FIRST\SRC\MATH\18CXX\temparg.asm
                   TEMPB1   0x000029       data     extern C:\FIRST\SRC\MATH\18CXX\temparg.asm
                   TEMPB2   0x000028       data     extern C:\FIRST\SRC\MATH\18CXX\temparg.asm
                   TEMPB3   0x000027       data     extern C:\FIRST\SRC\MATH\18CXX\temparg.asm
                     TMR0   0x000fd6       data     extern C:\FIRST\SRC\PROC\p18f8520.asm
                    TMR0H   0x000fd7       data     extern C:\FIRST\SRC\PROC\p18f8520.asm
                    TMR0L   0x000fd6       data     extern C:\FIRST\SRC\PROC\p18f8520.asm
                     TMR1   0x000fce       data     extern C:\FIRST\SRC\PROC\p18f8520.asm
                    TMR1H   0x000fcf       data     extern C:\FIRST\SRC\PROC\p18f8520.asm
                    TMR1L   0x000fce       data     extern C:\FIRST\SRC\PROC\p18f8520.asm
                     TMR2   0x000fcc       data     extern C:\FIRST\SRC\PROC\p18f8520.asm
                     TMR3   0x000fb2       data     extern C:\FIRST\SRC\PROC\p18f8520.asm
                    TMR3H   0x000fb3       data     extern C:\FIRST\SRC\PROC\p18f8520.asm
                    TMR3L   0x000fb2       data     extern C:\FIRST\SRC\PROC\p18f8520.asm
                     TMR4   0x000f78       data     extern C:\FIRST\SRC\PROC\p18f8520.asm
                      TOS   0x000ffd       data     extern C:\FIRST\SRC\PROC\p18f8520.asm
                     TOSH   0x000ffe       data     extern C:\FIRST\SRC\PROC\p18f8520.asm
                     TOSL   0x000ffd       data     extern C:\FIRST\SRC\PROC\p18f8520.asm
                     TOSU   0x000fff       data     extern C:\FIRST\SRC\PROC\p18f8520.asm
                    TRISA   0x000f92       data     extern C:\FIRST\SRC\PROC\p18f8520.asm
                TRISAbits   0x000f92       data     extern C:\FIRST\SRC\PROC\p18f8520.asm
                    TRISB   0x000f93       data     extern C:\FIRST\SRC\PROC\p18f8520.asm
                TRISBbits   0x000f93       data     extern C:\FIRST\SRC\PROC\p18f8520.asm
                    TRISC   0x000f94       data     extern C:\FIRST\SRC\PROC\p18f8520.asm
                TRISCbits   0x000f94       data     extern C:\FIRST\SRC\PROC\p18f8520.asm
                    TRISD   0x000f95       data     extern C:\FIRST\SRC\PROC\p18f8520.asm
                TRISDbits   0x000f95       data     extern C:\FIRST\SRC\PROC\p18f8520.asm
                    TRISE   0x000f96       data     extern C:\FIRST\SRC\PROC\p18f8520.asm
                TRISEbits   0x000f96       data     extern C:\FIRST\SRC\PROC\p18f8520.asm
                    TRISF   0x000f97       data     extern C:\FIRST\SRC\PROC\p18f8520.asm
                TRISFbits   0x000f97       data     extern C:\FIRST\SRC\PROC\p18f8520.asm
                    TRISG   0x000f98       data     extern C:\FIRST\SRC\PROC\p18f8520.asm
                TRISGbits   0x000f98       data     extern C:\FIRST\SRC\PROC\p18f8520.asm
                    TRISH   0x000f99       data     extern C:\FIRST\SRC\PROC\p18f8520.asm
                TRISHbits   0x000f99       data     extern C:\FIRST\SRC\PROC\p18f8520.asm
                    TRISJ   0x000f9a       data     extern C:\FIRST\SRC\PROC\p18f8520.asm
                TRISJbits   0x000f9a       data     extern C:\FIRST\SRC\PROC\p18f8520.asm
                   TXREG1   0x000fad       data     extern C:\FIRST\SRC\PROC\p18f8520.asm
                   TXREG2   0x000f6d       data     extern C:\FIRST\SRC\PROC\p18f8520.asm
                   TXSTA1   0x000fac       data     extern C:\FIRST\SRC\PROC\p18f8520.asm
               TXSTA1bits   0x000fac       data     extern C:\FIRST\SRC\PROC\p18f8520.asm
                   TXSTA2   0x000f6c       data     extern C:\FIRST\SRC\PROC\p18f8520.asm
               TXSTA2bits   0x000f6c       data     extern C:\FIRST\SRC\PROC\p18f8520.asm
                   WDTCON   0x000fd1       data     extern C:\FIRST\SRC\PROC\p18f8520.asm
               WDTCONbits   0x000fd1       data     extern C:\FIRST\SRC\PROC\p18f8520.asm
                     WREG   0x000fe8       data     extern C:\FIRST\SRC\PROC\p18f8520.asm
                  __tmp_0   0x00002b       data     static C:\Users\HP\Desktop\final\printf_lib.c
                  __tmp_0   0x00002b       data     static C:\first\src\pmc\ADC\18Cxx\adcopen.c
                  __tmp_0   0x00002b       data     static C:\Users\HP\Desktop\final\ifi_utilities.c
                  __tmp_0   0x00002b       data     static C:\Users\HP\Desktop\final\user_routines.c
                  __tmp_0   0x00002b       data     static C:\first\src\pmc\ADC\18Cxx\adcread.c
             back_ref_thr   0x00074a       data     extern C:\Users\HP\Desktop\final\user_routines.c
                    count   0x00011f       data     static C:\mcc18\Projects\EduCode\ifi_library.c
                curr_byte   0x000128       data     static C:\Users\HP\Desktop\final\ifi_startup.c
               curr_entry   0x00012a       data     static C:\Users\HP\Desktop\final\ifi_startup.c
                 data_ptr   0x00012c       data     static C:\Users\HP\Desktop\final\ifi_startup.c
                  enm_thr   0x000750       data     extern C:\Users\HP\Desktop\final\user_routines.c
        first_pos_servor1   0x000742       data     extern C:\Users\HP\Desktop\final\user_routines.c
        first_pos_servor2   0x000746       data     extern C:\Users\HP\Desktop\final\user_routines.c
          front_sharp_max   0x00073e       data     extern C:\Users\HP\Desktop\final\user_routines.c
          front_sharp_min   0x000740       data     extern C:\Users\HP\Desktop\final\user_routines.c
               gPWM_DATA1   0x00000a       data     static C:\mcc18\Projects\EduCode\Util_lib.asm
               gPWM_DATA2   0x00000b       data     static C:\mcc18\Projects\EduCode\Util_lib.asm
               gPWM_DATA3   0x00000c       data     static C:\mcc18\Projects\EduCode\Util_lib.asm
               gPWM_DATA4   0x00000d       data     static C:\mcc18\Projects\EduCode\Util_lib.asm
               gPWM_DATA5   0x00000e       data     static C:\mcc18\Projects\EduCode\Util_lib.asm
               gPWM_DATA6   0x00000f       data     static C:\mcc18\Projects\EduCode\Util_lib.asm
               gPWM_DATA7   0x000010       data     static C:\mcc18\Projects\EduCode\Util_lib.asm
               gPWM_DATA8   0x000011       data     static C:\mcc18\Projects\EduCode\Util_lib.asm
                gRX_BUFF0   0x0000c0       data     extern C:\mcc18\Projects\EduCode\Util_lib.asm
                gRX_BUFF1   0x0000e0       data     extern C:\mcc18\Projects\EduCode\Util_lib.asm
                 gRX_PTRH   0x000002       data     static C:\mcc18\Projects\EduCode\Util_lib.asm
                 gRX_PTRL   0x000003       data     static C:\mcc18\Projects\EduCode\Util_lib.asm
                  gSPICNT   0x000006       data     static C:\mcc18\Projects\EduCode\Util_lib.asm
             gSPI_RCV_PTR   0x000007       data     extern C:\mcc18\Projects\EduCode\Util_lib.asm
             gSPI_XMT_PTR   0x000008       data     extern C:\mcc18\Projects\EduCode\Util_lib.asm
                gTX_BUFF0   0x000080       data     extern C:\mcc18\Projects\EduCode\Util_lib.asm
                gTX_BUFF1   0x0000a0       data     extern C:\mcc18\Projects\EduCode\Util_lib.asm
                 gTX_PTRH   0x000000       data     static C:\mcc18\Projects\EduCode\Util_lib.asm
                 gTX_PTRL   0x000001       data     static C:\mcc18\Projects\EduCode\Util_lib.asm
      ifi_analog_channels   0x0007ad       data     extern C:\Users\HP\Desktop\final\ifi_utilities.c
                ifi_count   0x0007ac       data     extern C:\Users\HP\Desktop\final\ifi_utilities.c
         ifi_last_packet1   0x000131       data     extern C:\Users\HP\Desktop\final\ifi_utilities.c
          ifi_packet_num1   0x00012f       data     extern C:\Users\HP\Desktop\final\ifi_utilities.c
           ifi_printfBufr   0x00075a       data     extern C:\Users\HP\Desktop\final\ifi_utilities.c
                        k   0x000754       data     static C:\Users\HP\Desktop\final\user_routines.c
                        k   0x000116       data     static C:\Users\HP\Desktop\final\printf_lib.c
                        l   0x000752       data     static C:\Users\HP\Desktop\final\user_routines.c
              l_obj_count   0x000756       data     static C:\Users\HP\Desktop\final\user_routines.c
             left_ref_thr   0x00074e       data     extern C:\Users\HP\Desktop\final\user_routines.c
           left_sharp_min   0x00073a       data     extern C:\Users\HP\Desktop\final\user_routines.c
      left_wheel_backward   0x000720       data     extern C:\Users\HP\Desktop\final\user_routines.c
left_wheel_backward_catch_ball   0x000710       data     extern C:\Users\HP\Desktop\final\user_routines.c
       left_wheel_forward   0x00071c       data     extern C:\Users\HP\Desktop\final\user_routines.c
          left_wheel_stop   0x000724       data     extern C:\Users\HP\Desktop\final\user_routines.c
     left_wheel_turn_left   0x000730       data     extern C:\Users\HP\Desktop\final\user_routines.c
left_wheel_turn_left_catch_ball   0x000714       data     extern C:\Users\HP\Desktop\final\user_routines.c
left_wheel_turn_left_slow   0x000734       data     extern C:\Users\HP\Desktop\final\user_routines.c
    left_wheel_turn_right   0x000728       data     extern C:\Users\HP\Desktop\final\user_routines.c
left_wheel_turn_right_catch_ball   0x000718       data     extern C:\Users\HP\Desktop\final\user_routines.c
left_wheel_turn_right_slow   0x00072c       data     extern C:\Users\HP\Desktop\final\user_routines.c
                      len   0x0007ae       data     static C:\Users\HP\Desktop\final\ifi_utilities.c
                  nullStr   0x000133       data     extern C:\Users\HP\Desktop\final\printf_lib.c
                     oran   0x000700       data     extern C:\Users\HP\Desktop\final\user_routines.c
                print_buf   0x000100       data     static C:\Users\HP\Desktop\final\printf_lib.c
                     prom   0x000125       data     static C:\Users\HP\Desktop\final\ifi_startup.c
                      ptr   0x0007aa       data     extern C:\Users\HP\Desktop\final\ifi_utilities.c
              r_obj_count   0x000758       data     static C:\Users\HP\Desktop\final\user_routines.c
            right_ref_thr   0x00074c       data     extern C:\Users\HP\Desktop\final\user_routines.c
          right_sharp_min   0x00073c       data     extern C:\Users\HP\Desktop\final\user_routines.c
     right_wheel_backward   0x000722       data     extern C:\Users\HP\Desktop\final\user_routines.c
right_wheel_backward_catch_ball   0x000712       data     extern C:\Users\HP\Desktop\final\user_routines.c
      right_wheel_forward   0x00071e       data     extern C:\Users\HP\Desktop\final\user_routines.c
         right_wheel_stop   0x000726       data     extern C:\Users\HP\Desktop\final\user_routines.c
    right_wheel_turn_left   0x000732       data     extern C:\Users\HP\Desktop\final\user_routines.c
right_wheel_turn_left_catch_ball   0x000716       data     extern C:\Users\HP\Desktop\final\user_routines.c
right_wheel_turn_left_slow   0x000736       data     extern C:\Users\HP\Desktop\final\user_routines.c
   right_wheel_turn_right   0x00072a       data     extern C:\Users\HP\Desktop\final\user_routines.c
right_wheel_turn_right_catch_ball   0x00071a       data     extern C:\Users\HP\Desktop\final\user_routines.c
right_wheel_turn_right_slow   0x00072e       data     extern C:\Users\HP\Desktop\final\user_routines.c
                    rxPtr   0x000121       data     static C:\mcc18\Projects\EduCode\ifi_library.c
                   rxdata   0x0007d2       data     extern C:\Users\HP\Desktop\final\main.c
                rxferbufr   0x00011c       data     static C:\mcc18\Projects\EduCode\ifi_library.c
                      scr   0x000114       data     static C:\Users\HP\Desktop\final\printf_lib.c
          sec_pos_servor1   0x000744       data     extern C:\Users\HP\Desktop\final\user_routines.c
          sec_pos_servor2   0x000748       data     extern C:\Users\HP\Desktop\final\user_routines.c
           side_sharp_max   0x000738       data     extern C:\Users\HP\Desktop\final\user_routines.c
               statusflag   0x0007f2       data     extern C:\Users\HP\Desktop\final\main.c
                     temp   0x000120       data     static C:\mcc18\Projects\EduCode\ifi_library.c
                      tmp   0x000009       data     static C:\mcc18\Projects\EduCode\Util_lib.asm
               txPWM_MASK   0x000015       data     static C:\mcc18\Projects\EduCode\Util_lib.asm
                    txPtr   0x000123       data     static C:\mcc18\Projects\EduCode\ifi_library.c
                   txdata   0x0007b2       data     extern C:\Users\HP\Desktop\final\main.c
                txferbufr   0x00011a       data     static C:\mcc18\Projects\EduCode\ifi_library.c
                 xferbufr   0x000118       data     static C:\mcc18\Projects\EduCode\ifi_library.c



                              Symbols - Sorted by Address
                     Name    Address   Location    Storage File                     
                ---------  ---------  ---------  --------- ---------                
                   _entry   0x000800    program     extern C:\Users\HP\Desktop\final\ifi_startup.c
       ___return_lbl00000   0x000804    program     static                          
      InterruptVectorHigh   0x000808    program     extern C:\mcc18\Projects\EduCode\ifi_library.c
       ___return_lbl00000   0x00080c    program     static                          
                  BusyADC   0x00080e    program     extern C:\first\src\pmc\ADC\18Cxx\adcbusy.c
       InterruptVectorLow   0x000818    program     extern C:\Users\HP\Desktop\final\user_routines_fast.c
       ___return_lbl00000   0x00081c    program     static                          
           check_boundary   0x0008d4    program     extern C:\Users\HP\Desktop\final\user_routines.c
             __tmplbl_144   0x00219e    program     static                          
             __tmplbl_145   0x00219e    program     static                          
             __tmplbl_142   0x00219e    program     static                          
             __tmplbl_141   0x00219e    program     static                          
             __tmplbl_140   0x00219e    program     static                          
             __tmplbl_139   0x00219e    program     static                          
             __tmplbl_135   0x00219e    program     static                          
             __tmplbl_134   0x00219e    program     static                          
             __tmplbl_132   0x00219e    program     static                          
             __tmplbl_131   0x00219e    program     static                          
             __tmplbl_130   0x00219e    program     static                          
             __tmplbl_129   0x00219e    program     static                          
             __tmplbl_126   0x00219e    program     static                          
             __tmplbl_125   0x00219e    program     static                          
             __tmplbl_123   0x00219e    program     static                          
             __tmplbl_122   0x00219e    program     static                          
             __tmplbl_121   0x00219e    program     static                          
             __tmplbl_120   0x00219e    program     static                          
             __tmplbl_116   0x00219e    program     static                          
             __tmplbl_108   0x00219e    program     static                          
             __tmplbl_115   0x00219e    program     static                          
             __tmplbl_113   0x00219e    program     static                          
             __tmplbl_112   0x00219e    program     static                          
               catch_ball   0x0021aa    program     extern C:\Users\HP\Desktop\final\user_routines.c
                  timeout   0x00277a    program     extern C:\Users\HP\Desktop\final\user_routines.c
             check_basket   0x00282c    program     extern C:\Users\HP\Desktop\final\user_routines.c
                back_home   0x002872    program     extern C:\Users\HP\Desktop\final\user_routines.c
             __tmplbl_203   0x002adc    program     static                          
             __tmplbl_177   0x003390    program     static                          
             __tmplbl_173   0x00339e    program     static                          
             __tmplbl_175   0x00339e    program     static                          
              orient_home   0x0033aa    program     extern C:\Users\HP\Desktop\final\user_routines.c
        turn_to_with_back   0x00351a    program     extern C:\Users\HP\Desktop\final\user_routines.c
              back_home_2   0x00399a    program     extern C:\Users\HP\Desktop\final\user_routines.c
               orient_opp   0x004034    program     extern C:\Users\HP\Desktop\final\user_routines.c
             ball_release   0x004170    program     extern C:\Users\HP\Desktop\final\user_routines.c
              check_scoop   0x0042a6    program     extern C:\Users\HP\Desktop\final\user_routines.c
           ball_to_basket   0x00436c    program     extern C:\Users\HP\Desktop\final\user_routines.c
               check_ball   0x00449c    program     extern C:\Users\HP\Desktop\final\user_routines.c
              check_enemy   0x0046d8    program     extern C:\Users\HP\Desktop\final\user_routines.c
              avoid_enemy   0x004726    program     extern C:\Users\HP\Desktop\final\user_routines.c
          compass_reading   0x00483a    program     extern C:\Users\HP\Desktop\final\user_routines.c
              maneuvering   0x00495e    program     extern C:\Users\HP\Desktop\final\user_routines.c
                 turn_to1   0x004994    program     extern C:\Users\HP\Desktop\final\user_routines.c
  Setup_Who_Controls_Pwms   0x004db0    program     static C:\Users\HP\Desktop\final\user_routines.c
      User_Initialization   0x004e64    program     extern C:\Users\HP\Desktop\final\user_routines.c
Process_Data_From_Master_uP   0x004f4e    program     extern C:\Users\HP\Desktop\final\user_routines.c
              time_delays   0x005256    program     extern C:\Users\HP\Desktop\final\user_routines.c
                     conv   0x0052be    program     extern C:\Users\HP\Desktop\final\user_routines.c
       Write_Byte_To_Uart   0x005504    program     static C:\Users\HP\Desktop\final\printf_lib.c
                   prints   0x00551e    program     static C:\Users\HP\Desktop\final\printf_lib.c
                   printi   0x005716    program     static C:\Users\HP\Desktop\final\printf_lib.c
                    print   0x0059f0    program     static C:\Users\HP\Desktop\final\printf_lib.c
                   printf   0x00606a    program     extern C:\Users\HP\Desktop\final\printf_lib.c
                  printid   0x0060f0    program     extern C:\Users\HP\Desktop\final\printf_lib.c
                   printd   0x006156    program     extern C:\Users\HP\Desktop\final\printf_lib.c
                  printib   0x0061b8    program     extern C:\Users\HP\Desktop\final\printf_lib.c
                   printb   0x00621e    program     extern C:\Users\HP\Desktop\final\printf_lib.c
                  printix   0x006280    program     extern C:\Users\HP\Desktop\final\printf_lib.c
                   printx   0x0062e6    program     extern C:\Users\HP\Desktop\final\printf_lib.c
              debug_print   0x006346    program     extern C:\Users\HP\Desktop\final\printf_lib.c
             debug_printb   0x0063fa    program     extern C:\Users\HP\Desktop\final\printf_lib.c
            debug_println   0x0064ae    program     extern C:\Users\HP\Desktop\final\printf_lib.c
     InterruptHandlerHigh   0x006546    program     extern C:\mcc18\Projects\EduCode\ifi_library.c
          Setup_Spi_Slave   0x006574    program     extern C:\mcc18\Projects\EduCode\ifi_library.c
     Initialize_Registers   0x00658a    program     extern C:\mcc18\Projects\EduCode\ifi_library.c
       IFI_Initialization   0x006608    program     extern C:\mcc18\Projects\EduCode\ifi_library.c
       User_Proc_Is_Ready   0x006684    program     extern C:\mcc18\Projects\EduCode\ifi_library.c
    Prep_SPI_4_First_Byte   0x00668e    program     extern C:\mcc18\Projects\EduCode\ifi_library.c
           Handle_Spi_Int   0x0066ec    program     extern C:\mcc18\Projects\EduCode\ifi_library.c
                  Getdata   0x006746    program     extern C:\mcc18\Projects\EduCode\ifi_library.c
                  Putdata   0x0067cc    program     extern C:\mcc18\Projects\EduCode\ifi_library.c
       Clear_SPIdata_flag   0x006852    program     extern C:\mcc18\Projects\EduCode\ifi_library.c
    Setup_PWM_Output_Type   0x00685c    program     extern C:\mcc18\Projects\EduCode\ifi_library.c
       Check_4_Violations   0x0068e0    program     extern C:\mcc18\Projects\EduCode\ifi_library.c
               __string_0   0x0069f2    program     static C:\Users\HP\Desktop\final\printf_lib.c
              __string_53   0x0069f9    program     static C:\Users\HP\Desktop\final\user_routines.c
              __string_52   0x0069fd    program     static C:\Users\HP\Desktop\final\user_routines.c
              __string_51   0x006a20    program     static C:\Users\HP\Desktop\final\user_routines.c
              __string_50   0x006a37    program     static C:\Users\HP\Desktop\final\user_routines.c
              __string_49   0x006a44    program     static C:\Users\HP\Desktop\final\user_routines.c
              __string_48   0x006a52    program     static C:\Users\HP\Desktop\final\user_routines.c
              __string_47   0x006a60    program     static C:\Users\HP\Desktop\final\user_routines.c
              __string_46   0x006a6d    program     static C:\Users\HP\Desktop\final\user_routines.c
              __string_45   0x006a7e    program     static C:\Users\HP\Desktop\final\user_routines.c
              __string_44   0x006a99    program     static C:\Users\HP\Desktop\final\user_routines.c
              __string_43   0x006aa6    program     static C:\Users\HP\Desktop\final\user_routines.c
              __string_42   0x006ab6    program     static C:\Users\HP\Desktop\final\user_routines.c
              __string_41   0x006aca    program     static C:\Users\HP\Desktop\final\user_routines.c
              __string_40   0x006ae1    program     static C:\Users\HP\Desktop\final\user_routines.c
              __string_39   0x006af4    program     static C:\Users\HP\Desktop\final\user_routines.c
              __string_38   0x006b1a    program     static C:\Users\HP\Desktop\final\user_routines.c
              __string_37   0x006b3c    program     static C:\Users\HP\Desktop\final\user_routines.c
              __string_36   0x006b5d    program     static C:\Users\HP\Desktop\final\user_routines.c
              __string_35   0x006b90    program     static C:\Users\HP\Desktop\final\user_routines.c
              __string_34   0x006b9a    program     static C:\Users\HP\Desktop\final\user_routines.c
              __string_33   0x006ba5    program     static C:\Users\HP\Desktop\final\user_routines.c
              __string_32   0x006bad    program     static C:\Users\HP\Desktop\final\user_routines.c
              __string_31   0x006bdd    program     static C:\Users\HP\Desktop\final\user_routines.c
              __string_30   0x006c09    program     static C:\Users\HP\Desktop\final\user_routines.c
              __string_29   0x006c0d    program     static C:\Users\HP\Desktop\final\user_routines.c
              __string_28   0x006c18    program     static C:\Users\HP\Desktop\final\user_routines.c
              __string_27   0x006c26    program     static C:\Users\HP\Desktop\final\user_routines.c
              __string_26   0x006c2e    program     static C:\Users\HP\Desktop\final\user_routines.c
              __string_25   0x006c3a    program     static C:\Users\HP\Desktop\final\user_routines.c
              __string_24   0x006c56    program     static C:\Users\HP\Desktop\final\user_routines.c
              __string_23   0x006c6f    program     static C:\Users\HP\Desktop\final\user_routines.c
              __string_22   0x006c8f    program     static C:\Users\HP\Desktop\final\user_routines.c
              __string_21   0x006c9b    program     static C:\Users\HP\Desktop\final\user_routines.c
              __string_20   0x006cae    program     static C:\Users\HP\Desktop\final\user_routines.c
              __string_19   0x006cc1    program     static C:\Users\HP\Desktop\final\user_routines.c
              __string_18   0x006cdb    program     static C:\Users\HP\Desktop\final\user_routines.c
              __string_17   0x006cf6    program     static C:\Users\HP\Desktop\final\user_routines.c
              __string_16   0x006d08    program     static C:\Users\HP\Desktop\final\user_routines.c
              __string_15   0x006d1a    program     static C:\Users\HP\Desktop\final\user_routines.c
              __string_14   0x006d35    program     static C:\Users\HP\Desktop\final\user_routines.c
              __string_13   0x006d50    program     static C:\Users\HP\Desktop\final\user_routines.c
              __string_12   0x006d63    program     static C:\Users\HP\Desktop\final\user_routines.c
              __string_11   0x006d76    program     static C:\Users\HP\Desktop\final\user_routines.c
              __string_10   0x006d89    program     static C:\Users\HP\Desktop\final\user_routines.c
               __string_9   0x006d9c    program     static C:\Users\HP\Desktop\final\user_routines.c
               __string_8   0x006db0    program     static C:\Users\HP\Desktop\final\user_routines.c
               __string_7   0x006dc4    program     static C:\Users\HP\Desktop\final\user_routines.c
               __string_6   0x006dd8    program     static C:\Users\HP\Desktop\final\user_routines.c
               __string_5   0x006dec    program     static C:\Users\HP\Desktop\final\user_routines.c
               __string_4   0x006e00    program     static C:\Users\HP\Desktop\final\user_routines.c
               __string_3   0x006e14    program     static C:\Users\HP\Desktop\final\user_routines.c
               __string_2   0x006e22    program     static C:\Users\HP\Desktop\final\user_routines.c
               __string_1   0x006e35    program     static C:\Users\HP\Desktop\final\user_routines.c
               __string_0   0x006e4b    program     static C:\Users\HP\Desktop\final\user_routines.c
             Wait4TXEmpty   0x006e5c    program     extern C:\Users\HP\Desktop\final\ifi_utilities.c
                PrintByte   0x006e66    program     extern C:\Users\HP\Desktop\final\ifi_utilities.c
                PrintWord   0x006e88    program     extern C:\Users\HP\Desktop\final\ifi_utilities.c
              PrintString   0x006ed4    program     extern C:\Users\HP\Desktop\final\ifi_utilities.c
              DisplayBufr   0x006f80    program     extern C:\Users\HP\Desktop\final\ifi_utilities.c
          PacketNum_Check   0x006fc2    program     extern C:\Users\HP\Desktop\final\ifi_utilities.c
  Initialize_Serial_Comms   0x007038    program     extern C:\Users\HP\Desktop\final\ifi_utilities.c
Set_Number_of_Analog_Channels   0x007054    program     extern C:\Users\HP\Desktop\final\ifi_utilities.c
         Get_Analog_Value   0x00706a    program     extern C:\Users\HP\Desktop\final\ifi_utilities.c
             Clear_Memory   0x0070ea    program     extern C:\mcc18\Projects\EduCode\Util_lib.asm
               Clear_Loop   0x0070f0    program     static C:\mcc18\Projects\EduCode\Util_lib.asm
               Clear_Bank   0x007104    program     static C:\mcc18\Projects\EduCode\Util_lib.asm
               Hex_output   0x00710e    program     extern C:\mcc18\Projects\EduCode\Util_lib.asm
[...]
                    PORTB   0x000f81       data     extern C:\FIRST\SRC\PROC\p18f8520.asm
                PORTCbits   0x000f82       data     extern C:\FIRST\SRC\PROC\p18f8520.asm
                    PORTC   0x000f82       data     extern C:\FIRST\SRC\PROC\p18f8520.asm
                PORTDbits   0x000f83       data     extern C:\FIRST\SRC\PROC\p18f8520.asm
                    PORTD   0x000f83       data     extern C:\FIRST\SRC\PROC\p18f8520.asm
                PORTEbits   0x000f84       data     extern C:\FIRST\SRC\PROC\p18f8520.asm
                    PORTE   0x000f84       data     extern C:\FIRST\SRC\PROC\p18f8520.asm
                    PORTF   0x000f85       data     extern C:\FIRST\SRC\PROC\p18f8520.asm
                PORTFbits   0x000f85       data     extern C:\FIRST\SRC\PROC\p18f8520.asm
                    PORTG   0x000f86       data     extern C:\FIRST\SRC\PROC\p18f8520.asm
                PORTGbits   0x000f86       data     extern C:\FIRST\SRC\PROC\p18f8520.asm
                    PORTH   0x000f87       data     extern C:\FIRST\SRC\PROC\p18f8520.asm
                PORTHbits   0x000f87       data     extern C:\FIRST\SRC\PROC\p18f8520.asm
                    PORTJ   0x000f88       data     extern C:\FIRST\SRC\PROC\p18f8520.asm
                PORTJbits   0x000f88       data     extern C:\FIRST\SRC\PROC\p18f8520.asm
                 LATAbits   0x000f89       data     extern C:\FIRST\SRC\PROC\p18f8520.asm
                     LATA   0x000f89       data     extern C:\FIRST\SRC\PROC\p18f8520.asm
                 LATBbits   0x000f8a       data     extern C:\FIRST\SRC\PROC\p18f8520.asm
                     LATB   0x000f8a       data     extern C:\FIRST\SRC\PROC\p18f8520.asm
                 LATCbits   0x000f8b       data     extern C:\FIRST\SRC\PROC\p18f8520.asm
                     LATC   0x000f8b       data     extern C:\FIRST\SRC\PROC\p18f8520.asm
                     LATD   0x000f8c       data     extern C:\FIRST\SRC\PROC\p18f8520.asm
                 LATDbits   0x000f8c       data     extern C:\FIRST\SRC\PROC\p18f8520.asm
                     LATE   0x000f8d       data     extern C:\FIRST\SRC\PROC\p18f8520.asm
                 LATEbits   0x000f8d       data     extern C:\FIRST\SRC\PROC\p18f8520.asm
                     LATF   0x000f8e       data     extern C:\FIRST\SRC\PROC\p18f8520.asm
                 LATFbits   0x000f8e       data     extern C:\FIRST\SRC\PROC\p18f8520.asm
                     LATG   0x000f8f       data     extern C:\FIRST\SRC\PROC\p18f8520.asm
                 LATGbits   0x000f8f       data     extern C:\FIRST\SRC\PROC\p18f8520.asm
                 LATHbits   0x000f90       data     extern C:\FIRST\SRC\PROC\p18f8520.asm
                     LATH   0x000f90       data     extern C:\FIRST\SRC\PROC\p18f8520.asm
                 LATJbits   0x000f91       data     extern C:\FIRST\SRC\PROC\p18f8520.asm
                     LATJ   0x000f91       data     extern C:\FIRST\SRC\PROC\p18f8520.asm
                     DDRA   0x000f92       data     extern C:\FIRST\SRC\PROC\p18f8520.asm
                 DDRAbits   0x000f92       data     extern C:\FIRST\SRC\PROC\p18f8520.asm
                    TRISA   0x000f92       data     extern C:\FIRST\SRC\PROC\p18f8520.asm
                TRISAbits   0x000f92       data     extern C:\FIRST\SRC\PROC\p18f8520.asm
                TRISBbits   0x000f93       data     extern C:\FIRST\SRC\PROC\p18f8520.asm
                    TRISB   0x000f93       data     extern C:\FIRST\SRC\PROC\p18f8520.asm
                 DDRBbits   0x000f93       data     extern C:\FIRST\SRC\PROC\p18f8520.asm
                     DDRB   0x000f93       data     extern C:\FIRST\SRC\PROC\p18f8520.asm
                 DDRCbits   0x000f94       data     extern C:\FIRST\SRC\PROC\p18f8520.asm
                     DDRC   0x000f94       data     extern C:\FIRST\SRC\PROC\p18f8520.asm
                    TRISC   0x000f94       data     extern C:\FIRST\SRC\PROC\p18f8520.asm
                TRISCbits   0x000f94       data     extern C:\FIRST\SRC\PROC\p18f8520.asm
                     DDRD   0x000f95       data     extern C:\FIRST\SRC\PROC\p18f8520.asm
                 DDRDbits   0x000f95       data     extern C:\FIRST\SRC\PROC\p18f8520.asm
                    TRISD   0x000f95       data     extern C:\FIRST\SRC\PROC\p18f8520.asm
                TRISDbits   0x000f95       data     extern C:\FIRST\SRC\PROC\p18f8520.asm
                    TRISE   0x000f96       data     extern C:\FIRST\SRC\PROC\p18f8520.asm
                TRISEbits   0x000f96       data     extern C:\FIRST\SRC\PROC\p18f8520.asm
                     DDRE   0x000f96       data     extern C:\FIRST\SRC\PROC\p18f8520.asm
                 DDREbits   0x000f96       data     extern C:\FIRST\SRC\PROC\p18f8520.asm
                 DDRFbits   0x000f97       data     extern C:\FIRST\SRC\PROC\p18f8520.asm
                     DDRF   0x000f97       data     extern C:\FIRST\SRC\PROC\p18f8520.asm
                TRISFbits   0x000f97       data     extern C:\FIRST\SRC\PROC\p18f8520.asm
                    TRISF   0x000f97       data     extern C:\FIRST\SRC\PROC\p18f8520.asm
                    TRISG   0x000f98       data     extern C:\FIRST\SRC\PROC\p18f8520.asm
                TRISGbits   0x000f98       data     extern C:\FIRST\SRC\PROC\p18f8520.asm
                     DDRG   0x000f98       data     extern C:\FIRST\SRC\PROC\p18f8520.asm
                 DDRGbits   0x000f98       data     extern C:\FIRST\SRC\PROC\p18f8520.asm
                     DDRH   0x000f99       data     extern C:\FIRST\SRC\PROC\p18f8520.asm
                 DDRHbits   0x000f99       data     extern C:\FIRST\SRC\PROC\p18f8520.asm
                    TRISH   0x000f99       data     extern C:\FIRST\SRC\PROC\p18f8520.asm
                TRISHbits   0x000f99       data     extern C:\FIRST\SRC\PROC\p18f8520.asm
                 DDRJbits   0x000f9a       data     extern C:\FIRST\SRC\PROC\p18f8520.asm
                     DDRJ   0x000f9a       data     extern C:\FIRST\SRC\PROC\p18f8520.asm
                    TRISJ   0x000f9a       data     extern C:\FIRST\SRC\PROC\p18f8520.asm
                TRISJbits   0x000f9a       data     extern C:\FIRST\SRC\PROC\p18f8520.asm
                   MEMCON   0x000f9c       data     extern C:\FIRST\SRC\PROC\p18f8520.asm
               MEMCONbits   0x000f9c       data     extern C:\FIRST\SRC\PROC\p18f8520.asm
                     PIE1   0x000f9d       data     extern C:\FIRST\SRC\PROC\p18f8520.asm
                 PIE1bits   0x000f9d       data     extern C:\FIRST\SRC\PROC\p18f8520.asm
                 PIR1bits   0x000f9e       data     extern C:\FIRST\SRC\PROC\p18f8520.asm
                     PIR1   0x000f9e       data     extern C:\FIRST\SRC\PROC\p18f8520.asm
                     IPR1   0x000f9f       data     extern C:\FIRST\SRC\PROC\p18f8520.asm
                 IPR1bits   0x000f9f       data     extern C:\FIRST\SRC\PROC\p18f8520.asm
                 PIE2bits   0x000fa0       data     extern C:\FIRST\SRC\PROC\p18f8520.asm
                     PIE2   0x000fa0       data     extern C:\FIRST\SRC\PROC\p18f8520.asm
                     PIR2   0x000fa1       data     extern C:\FIRST\SRC\PROC\p18f8520.asm
                 PIR2bits   0x000fa1       data     extern C:\FIRST\SRC\PROC\p18f8520.asm
                 IPR2bits   0x000fa2       data     extern C:\FIRST\SRC\PROC\p18f8520.asm
                     IPR2   0x000fa2       data     extern C:\FIRST\SRC\PROC\p18f8520.asm
                     PIE3   0x000fa3       data     extern C:\FIRST\SRC\PROC\p18f8520.asm
                 PIE3bits   0x000fa3       data     extern C:\FIRST\SRC\PROC\p18f8520.asm
                     PIR3   0x000fa4       data     extern C:\FIRST\SRC\PROC\p18f8520.asm
                 PIR3bits   0x000fa4       data     extern C:\FIRST\SRC\PROC\p18f8520.asm
                 IPR3bits   0x000fa5       data     extern C:\FIRST\SRC\PROC\p18f8520.asm
                     IPR3   0x000fa5       data     extern C:\FIRST\SRC\PROC\p18f8520.asm
                   EECON1   0x000fa6       data     extern C:\FIRST\SRC\PROC\p18f8520.asm
               EECON1bits   0x000fa6       data     extern C:\FIRST\SRC\PROC\p18f8520.asm
                   EECON2   0x000fa7       data     extern C:\FIRST\SRC\PROC\p18f8520.asm
                   EEDATA   0x000fa8       data     extern C:\FIRST\SRC\PROC\p18f8520.asm
                    EEADR   0x000fa9       data     extern C:\FIRST\SRC\PROC\p18f8520.asm
                   EEADRH   0x000faa       data     extern C:\FIRST\SRC\PROC\p18f8520.asm
                   RCSTA1   0x000fab       data     extern C:\FIRST\SRC\PROC\p18f8520.asm
               RCSTA1bits   0x000fab       data     extern C:\FIRST\SRC\PROC\p18f8520.asm
               TXSTA1bits   0x000fac       data     extern C:\FIRST\SRC\PROC\p18f8520.asm
                   TXSTA1   0x000fac       data     extern C:\FIRST\SRC\PROC\p18f8520.asm
                   TXREG1   0x000fad       data     extern C:\FIRST\SRC\PROC\p18f8520.asm
                   RCREG1   0x000fae       data     extern C:\FIRST\SRC\PROC\p18f8520.asm
                   SPBRG1   0x000faf       data     extern C:\FIRST\SRC\PROC\p18f8520.asm
               PSPCONbits   0x000fb0       data     extern C:\FIRST\SRC\PROC\p18f8520.asm
                   PSPCON   0x000fb0       data     extern C:\FIRST\SRC\PROC\p18f8520.asm
                T3CONbits   0x000fb1       data     extern C:\FIRST\SRC\PROC\p18f8520.asm
                    T3CON   0x000fb1       data     extern C:\FIRST\SRC\PROC\p18f8520.asm
                    TMR3L   0x000fb2       data     extern C:\FIRST\SRC\PROC\p18f8520.asm
                     TMR3   0x000fb2       data     extern C:\FIRST\SRC\PROC\p18f8520.asm
                    TMR3H   0x000fb3       data     extern C:\FIRST\SRC\PROC\p18f8520.asm
                    CMCON   0x000fb4       data     extern C:\FIRST\SRC\PROC\p18f8520.asm
                CMCONbits   0x000fb4       data     extern C:\FIRST\SRC\PROC\p18f8520.asm
                   CVRCON   0x000fb5       data     extern C:\FIRST\SRC\PROC\p18f8520.asm
               CVRCONbits   0x000fb5       data     extern C:\FIRST\SRC\PROC\p18f8520.asm
                  CCP3CON   0x000fb7       data     extern C:\FIRST\SRC\PROC\p18f8520.asm
              CCP3CONbits   0x000fb7       data     extern C:\FIRST\SRC\PROC\p18f8520.asm
                    CCPR3   0x000fb8       data     extern C:\FIRST\SRC\PROC\p18f8520.asm
                   CCPR3L   0x000fb8       data     extern C:\FIRST\SRC\PROC\p18f8520.asm
                   CCPR3H   0x000fb9       data     extern C:\FIRST\SRC\PROC\p18f8520.asm
                  CCP2CON   0x000fba       data     extern C:\FIRST\SRC\PROC\p18f8520.asm
              CCP2CONbits   0x000fba       data     extern C:\FIRST\SRC\PROC\p18f8520.asm
                    CCPR2   0x000fbb       data     extern C:\FIRST\SRC\PROC\p18f8520.asm
                   CCPR2L   0x000fbb       data     extern C:\FIRST\SRC\PROC\p18f8520.asm
                   CCPR2H   0x000fbc       data     extern C:\FIRST\SRC\PROC\p18f8520.asm
              CCP1CONbits   0x000fbd       data     extern C:\FIRST\SRC\PROC\p18f8520.asm
                  CCP1CON   0x000fbd       data     extern C:\FIRST\SRC\PROC\p18f8520.asm
                    CCPR1   0x000fbe       data     extern C:\FIRST\SRC\PROC\p18f8520.asm
                   CCPR1L   0x000fbe       data     extern C:\FIRST\SRC\PROC\p18f8520.asm
                   CCPR1H   0x000fbf       data     extern C:\FIRST\SRC\PROC\p18f8520.asm
                   ADCON2   0x000fc0       data     extern C:\FIRST\SRC\PROC\p18f8520.asm
               ADCON2bits   0x000fc0       data     extern C:\FIRST\SRC\PROC\p18f8520.asm
               ADCON1bits   0x000fc1       data     extern C:\FIRST\SRC\PROC\p18f8520.asm
                   ADCON1   0x000fc1       data     extern C:\FIRST\SRC\PROC\p18f8520.asm
               ADCON0bits   0x000fc2       data     extern C:\FIRST\SRC\PROC\p18f8520.asm
                   ADCON0   0x000fc2       data     extern C:\FIRST\SRC\PROC\p18f8520.asm
                    ADRES   0x000fc3       data     extern C:\FIRST\SRC\PROC\p18f8520.asm
                   ADRESL   0x000fc3       data     extern C:\FIRST\SRC\PROC\p18f8520.asm
                   ADRESH   0x000fc4       data     extern C:\FIRST\SRC\PROC\p18f8520.asm
                  SSPCON2   0x000fc5       data     extern C:\FIRST\SRC\PROC\p18f8520.asm
              SSPCON2bits   0x000fc5       data     extern C:\FIRST\SRC\PROC\p18f8520.asm
                  SSPCON1   0x000fc6       data     extern C:\FIRST\SRC\PROC\p18f8520.asm
              SSPCON1bits   0x000fc6       data     extern C:\FIRST\SRC\PROC\p18f8520.asm
                  SSPSTAT   0x000fc7       data     extern C:\FIRST\SRC\PROC\p18f8520.asm
              SSPSTATbits   0x000fc7       data     extern C:\FIRST\SRC\PROC\p18f8520.asm
                   SSPADD   0x000fc8       data     extern C:\FIRST\SRC\PROC\p18f8520.asm
                   SSPBUF   0x000fc9       data     extern C:\FIRST\SRC\PROC\p18f8520.asm
                    T2CON   0x000fca       data     extern C:\FIRST\SRC\PROC\p18f8520.asm
                T2CONbits   0x000fca       data     extern C:\FIRST\SRC\PROC\p18f8520.asm
                      PR2   0x000fcb       data     extern C:\FIRST\SRC\PROC\p18f8520.asm
                     TMR2   0x000fcc       data     extern C:\FIRST\SRC\PROC\p18f8520.asm
                    T1CON   0x000fcd       data     extern C:\FIRST\SRC\PROC\p18f8520.asm
                T1CONbits   0x000fcd       data     extern C:\FIRST\SRC\PROC\p18f8520.asm
                    TMR1L   0x000fce       data     extern C:\FIRST\SRC\PROC\p18f8520.asm
                     TMR1   0x000fce       data     extern C:\FIRST\SRC\PROC\p18f8520.asm
                    TMR1H   0x000fcf       data     extern C:\FIRST\SRC\PROC\p18f8520.asm
                 RCONbits   0x000fd0       data     extern C:\FIRST\SRC\PROC\p18f8520.asm
                     RCON   0x000fd0       data     extern C:\FIRST\SRC\PROC\p18f8520.asm
                   WDTCON   0x000fd1       data     extern C:\FIRST\SRC\PROC\p18f8520.asm
               WDTCONbits   0x000fd1       data     extern C:\FIRST\SRC\PROC\p18f8520.asm
               LVDCONbits   0x000fd2       data     extern C:\FIRST\SRC\PROC\p18f8520.asm
                   LVDCON   0x000fd2       data     extern C:\FIRST\SRC\PROC\p18f8520.asm
                   OSCCON   0x000fd3       data     extern C:\FIRST\SRC\PROC\p18f8520.asm
               OSCCONbits   0x000fd3       data     extern C:\FIRST\SRC\PROC\p18f8520.asm
                T0CONbits   0x000fd5       data     extern C:\FIRST\SRC\PROC\p18f8520.asm
                    T0CON   0x000fd5       data     extern C:\FIRST\SRC\PROC\p18f8520.asm
                    TMR0L   0x000fd6       data     extern C:\FIRST\SRC\PROC\p18f8520.asm
                     TMR0   0x000fd6       data     extern C:\FIRST\SRC\PROC\p18f8520.asm
                    TMR0H   0x000fd7       data     extern C:\FIRST\SRC\PROC\p18f8520.asm
               STATUSbits   0x000fd8       data     extern C:\FIRST\SRC\PROC\p18f8520.asm
                   STATUS   0x000fd8       data     extern C:\FIRST\SRC\PROC\p18f8520.asm
                     FSR2   0x000fd9       data     extern C:\FIRST\SRC\PROC\p18f8520.asm
                    FSR2L   0x000fd9       data     extern C:\FIRST\SRC\PROC\p18f8520.asm
                    FSR2H   0x000fda       data     extern C:\FIRST\SRC\PROC\p18f8520.asm
                   PLUSW2   0x000fdb       data     extern C:\FIRST\SRC\PROC\p18f8520.asm
                  PREINC2   0x000fdc       data     extern C:\FIRST\SRC\PROC\p18f8520.asm
                 POSTDEC2   0x000fdd       data     extern C:\FIRST\SRC\PROC\p18f8520.asm
                 POSTINC2   0x000fde       data     extern C:\FIRST\SRC\PROC\p18f8520.asm
                    INDF2   0x000fdf       data     extern C:\FIRST\SRC\PROC\p18f8520.asm
                      BSR   0x000fe0       data     extern C:\FIRST\SRC\PROC\p18f8520.asm
                    FSR1L   0x000fe1       data     extern C:\FIRST\SRC\PROC\p18f8520.asm
                     FSR1   0x000fe1       data     extern C:\FIRST\SRC\PROC\p18f8520.asm
                    FSR1H   0x000fe2       data     extern C:\FIRST\SRC\PROC\p18f8520.asm
                   PLUSW1   0x000fe3       data     extern C:\FIRST\SRC\PROC\p18f8520.asm
                  PREINC1   0x000fe4       data     extern C:\FIRST\SRC\PROC\p18f8520.asm
                 POSTDEC1   0x000fe5       data     extern C:\FIRST\SRC\PROC\p18f8520.asm
                 POSTINC1   0x000fe6       data     extern C:\FIRST\SRC\PROC\p18f8520.asm
                    INDF1   0x000fe7       data     extern C:\FIRST\SRC\PROC\p18f8520.asm
                     WREG   0x000fe8       data     extern C:\FIRST\SRC\PROC\p18f8520.asm
                     FSR0   0x000fe9       data     extern C:\FIRST\SRC\PROC\p18f8520.asm
                    FSR0L   0x000fe9       data     extern C:\FIRST\SRC\PROC\p18f8520.asm
                    FSR0H   0x000fea       data     extern C:\FIRST\SRC\PROC\p18f8520.asm
                   PLUSW0   0x000feb       data     extern C:\FIRST\SRC\PROC\p18f8520.asm
                  PREINC0   0x000fec       data     extern C:\FIRST\SRC\PROC\p18f8520.asm
                 POSTDEC0   0x000fed       data     extern C:\FIRST\SRC\PROC\p18f8520.asm
                 POSTINC0   0x000fee       data     extern C:\FIRST\SRC\PROC\p18f8520.asm
                    INDF0   0x000fef       data     extern C:\FIRST\SRC\PROC\p18f8520.asm
                  INTCON3   0x000ff0       data     extern C:\FIRST\SRC\PROC\p18f8520.asm
              INTCON3bits   0x000ff0       data     extern C:\FIRST\SRC\PROC\p18f8520.asm
                  INTCON2   0x000ff1       data     extern C:\FIRST\SRC\PROC\p18f8520.asm
              INTCON2bits   0x000ff1       data     extern C:\FIRST\SRC\PROC\p18f8520.asm
                   INTCON   0x000ff2       data     extern C:\FIRST\SRC\PROC\p18f8520.asm
               INTCONbits   0x000ff2       data     extern C:\FIRST\SRC\PROC\p18f8520.asm
                     PROD   0x000ff3       data     extern C:\FIRST\SRC\PROC\p18f8520.asm
                    PRODL   0x000ff3       data     extern C:\FIRST\SRC\PROC\p18f8520.asm
                    PRODH   0x000ff4       data     extern C:\FIRST\SRC\PROC\p18f8520.asm
                   TABLAT   0x000ff5       data     extern C:\FIRST\SRC\PROC\p18f8520.asm
                   TBLPTR   0x000ff6       data     extern C:\FIRST\SRC\PROC\p18f8520.asm
                  TBLPTRL   0x000ff6       data     extern C:\FIRST\SRC\PROC\p18f8520.asm
                  TBLPTRH   0x000ff7       data     extern C:\FIRST\SRC\PROC\p18f8520.asm
                  TBLPTRU   0x000ff8       data     extern C:\FIRST\SRC\PROC\p18f8520.asm
                      PCL   0x000ff9       data     extern C:\FIRST\SRC\PROC\p18f8520.asm
                       PC   0x000ff9       data     extern C:\FIRST\SRC\PROC\p18f8520.asm
                   PCLATH   0x000ffa       data     extern C:\FIRST\SRC\PROC\p18f8520.asm
                   PCLATU   0x000ffb       data     extern C:\FIRST\SRC\PROC\p18f8520.asm
                   STKPTR   0x000ffc       data     extern C:\FIRST\SRC\PROC\p18f8520.asm
               STKPTRbits   0x000ffc       data     extern C:\FIRST\SRC\PROC\p18f8520.asm
                      TOS   0x000ffd       data     extern C:\FIRST\SRC\PROC\p18f8520.asm
                     TOSL   0x000ffd       data     extern C:\FIRST\SRC\PROC\p18f8520.asm
                     TOSH   0x000ffe       data     extern C:\FIRST\SRC\PROC\p18f8520.asm
                     TOSU   0x000fff       data     extern C:\FIRST\SRC\PROC\p18f8520.asm


